TAP version 13
# (node:1449) ExperimentalWarning: Type Stripping is an experimental feature and might change at any time
# (Use `node --trace-warnings ...` to show where the warning was created)
# Subtest: shared server/client fixture has valid references
ok 1 - shared server/client fixture has valid references
  ---
  duration_ms: 3.218538
  type: 'test'
  ...
# Subtest: two panes reference exactly one notebook resource
ok 2 - two panes reference exactly one notebook resource
  ---
  duration_ms: 6.557074
  type: 'test'
  ...
# Subtest: opening an already-open resource focuses without duplicating tabs
ok 3 - opening an already-open resource focuses without duplicating tabs
  ---
  duration_ms: 0.494716
  type: 'test'
  ...
# Subtest: geometry/selection does not revise domain source
ok 4 - geometry/selection does not revise domain source
  ---
  duration_ms: 0.443635
  type: 'test'
  ...
# Subtest: semantic update is shared by all views and advances the resource revision
ok 5 - semantic update is shared by all views and advances the resource revision
  ---
  duration_ms: 1.374347
  type: 'test'
  ...
# Subtest: closing views or panes never deletes source and maintains one placement
ok 6 - closing views or panes never deletes source and maintains one placement
  ---
  duration_ms: 0.747561
  type: 'test'
  ...
# Subtest: moving a tab preserves view identity and layout
ok 7 - moving a tab preserves view identity and layout
  ---
  duration_ms: 1.125194
  type: 'test'
  ...
# Subtest: pane limit fails without mutating original
ok 8 - pane limit fails without mutating original
  ---
  duration_ms: 2.132669
  type: 'test'
  ...
# Subtest: dependency and derivation cycles fail closed
ok 9 - dependency and derivation cycles fail closed
  ---
  duration_ms: 0.618324
  type: 'test'
  ...
# Subtest: relationship cycles and distinct column relationships are not dependency cycles
ok 10 - relationship cycles and distinct column relationships are not dependency cycles
  ---
  duration_ms: 0.592308
  type: 'test'
  ...
# Subtest: model relationships require actual declared columns
ok 11 - model relationships require actual declared columns
  ---
  duration_ms: 0.305549
  type: 'test'
  ...
# Subtest: deleting a node cleans all view selections and incident edges
ok 12 - deleting a node cleans all view selections and incident edges
  ---
  duration_ms: 0.583329
  type: 'test'
  ...
# Subtest: missing notebook links and duplicate canonical references are rejected
ok 13 - missing notebook links and duplicate canonical references are rejected
  ---
  duration_ms: 0.45935
  type: 'test'
  ...
# Subtest: removing a design detaches its views without deleting the underlying notebook reference
ok 14 - removing a design detaches its views without deleting the underlying notebook reference
  ---
  duration_ms: 0.285386
  type: 'test'
  ...
# Subtest: unknown edge endpoints reject without accepting a partial graph
ok 15 - unknown edge endpoints reject without accepting a partial graph
  ---
  duration_ms: 0.215828
  type: 'test'
  ...
# Subtest: MotherDuck is a first-class but unavailable target, never a fake successful executor
ok 16 - MotherDuck is a first-class but unavailable target, never a fake successful executor
  ---
  duration_ms: 0.189797
  type: 'test'
  ...
# Subtest: measured local and modeled Spark times remain distinct
ok 17 - measured local and modeled Spark times remain distinct
  ---
  duration_ms: 0.120195
  type: 'test'
  ...
# Subtest: minimal empty workspace is a valid additive envelope
ok 18 - minimal empty workspace is a valid additive envelope
  ---
  duration_ms: 0.079337
  type: 'test'
  ...
1..18
# tests 18
# suites 0
# pass 18
# fail 0
# cancelled 0
# skipped 0
# todo 0
# duration_ms 178.51588
