apps/web/src/notebook.ts(62,147): error TS7006: Parameter 'i' implicitly has an 'any' type.
apps/web/src/notebook.ts(103,65): error TS7006: Parameter 'i' implicitly has an 'any' type.
apps/web/src/notebook.ts(143,202): error TS7006: Parameter 'i' implicitly has an 'any' type.
apps/web/src/notebook.ts(156,99): error TS7006: Parameter 'i' implicitly has an 'any' type.
apps/web/src/notebook.ts(156,211): error TS7006: Parameter 'i' implicitly has an 'any' type.
apps/web/src/notebook.ts(159,38): error TS7006: Parameter 'i' implicitly has an 'any' type.
apps/web/src/notebook.ts(162,211): error TS7006: Parameter 'i' implicitly has an 'any' type.
apps/web/src/notebook.ts(166,279): error TS7006: Parameter 'item' implicitly has an 'any' type.
apps/web/src/notebook.ts(166,354): error TS7006: Parameter 'item' implicitly has an 'any' type.
apps/web/src/notebook.ts(193,208): error TS7006: Parameter 'i' implicitly has an 'any' type.
apps/web/src/notebook.ts(201,107): error TS7006: Parameter 'i' implicitly has an 'any' type.
apps/web/src/notebook.ts(205,250): error TS7006: Parameter 'i' implicitly has an 'any' type.
apps/web/src/notebook.ts(209,191): error TS7006: Parameter 'i' implicitly has an 'any' type.
apps/web/src/notebook.ts(209,206): error TS7006: Parameter 'id' implicitly has an 'any' type.
packages/notebook-core/src/v2/ipynb.ts(1,29): error TS2307: Cannot find module 'react-grid-layout' or its corresponding type declarations.
packages/notebook-core/src/v2/ipynb.ts(339,53): error TS7006: Parameter 'item' implicitly has an 'any' type.
packages/notebook-core/src/v2/ipynb.ts(345,39): error TS7006: Parameter 'item' implicitly has an 'any' type.
packages/notebook-core/src/v2/ipynbExport.ts(1,29): error TS2307: Cannot find module 'react-grid-layout' or its corresponding type declarations.
packages/notebook-core/src/v2/ipynbExport.ts(155,13): error TS7006: Parameter 'item' implicitly has an 'any' type.
packages/notebook-core/src/v2/ipynbExport.ts(159,16): error TS7006: Parameter 'item' implicitly has an 'any' type.
packages/notebook-core/src/v2/model.ts(1,29): error TS2307: Cannot find module 'react-grid-layout' or its corresponding type declarations.
packages/notebook-core/src/v2/model.ts(124,33): error TS7006: Parameter 'max' implicitly has an 'any' type.
packages/notebook-core/src/v2/model.ts(124,38): error TS7006: Parameter 'item' implicitly has an 'any' type.
packages/notebook-core/src/v2/model.ts(143,33): error TS7006: Parameter 'item' implicitly has an 'any' type.
packages/notebook-core/src/v2/model.ts(160,31): error TS7006: Parameter 'candidate' implicitly has an 'any' type.
packages/notebook-core/src/v2/model.ts(215,50): error TS7006: Parameter 'item' implicitly has an 'any' type.
packages/notebook-core/src/v2/model.ts(216,39): error TS7006: Parameter 'item' implicitly has an 'any' type.
packages/notebook-core/src/v2/model.ts(243,36): error TS7006: Parameter 'max' implicitly has an 'any' type.
packages/notebook-core/src/v2/model.ts(243,41): error TS7006: Parameter 'item' implicitly has an 'any' type.
packages/notebook-core/src/v2/model.ts(247,25): error TS7006: Parameter 'item' implicitly has an 'any' type.
packages/notebook-core/src/v2/model.ts(288,47): error TS7006: Parameter 'item' implicitly has an 'any' type.
packages/notebook-core/src/v2/model.ts(296,15): error TS2339: Property 'h' does not exist on type '{ y: number; }'.
packages/notebook-core/src/v2/model.ts(328,37): error TS7006: Parameter 'item' implicitly has an 'any' type.
packages/notebook-core/src/v2/model.ts(330,38): error TS7006: Parameter 'item' implicitly has an 'any' type.
packages/notebook-core/src/v2/model.ts(330,72): error TS7006: Parameter 'item' implicitly has an 'any' type.
packages/notebook-core/src/v2/model.ts(335,28): error TS7006: Parameter 'max' implicitly has an 'any' type.
packages/notebook-core/src/v2/model.ts(335,33): error TS7006: Parameter 'item' implicitly has an 'any' type.
packages/notebook-core/src/v2/model.ts(351,46): error TS7006: Parameter 'item' implicitly has an 'any' type.
packages/notebook-core/src/v2/model.ts(352,48): error TS7006: Parameter 'item' implicitly has an 'any' type.
packages/notebook-core/src/v2/projectExport.ts(1,29): error TS2307: Cannot find module 'react-grid-layout' or its corresponding type declarations.
