TAP version 13
# Subtest: equality join preserves duplicates and does not match two NULL keys
ok 1 - equality join preserves duplicates and does not match two NULL keys
  ---
  duration_ms: 1.414916
  type: 'test'
  ...
# Subtest: empty input and duplicate left rows retain correct cardinality
ok 2 - empty input and duplicate left rows retain correct cardinality
  ---
  duration_ms: 0.825127
  type: 'test'
  ...
# Subtest: partition fixture is deterministic, covers all row identities and exposes skew
ok 3 - partition fixture is deterministic, covers all row identities and exposes skew
  ---
  duration_ms: 0.58638
  type: 'test'
  ...
# Subtest: all frozen figure frames have stable unique IDs, truth and text without motion
ok 4 - all frozen figure frames have stable unique IDs, truth and text without motion
  ---
  duration_ms: 2.081669
  type: 'test'
  ...
# Subtest: two figure panes preserve one canonical resource and independent playback cursors
ok 5 - two figure panes preserve one canonical resource and independent playback cursors
  ---
  duration_ms: 4.118781
  type: 'test'
  ...
1..5
# tests 5
# suites 0
# pass 5
# fail 0
# cancelled 0
# skipped 0
# todo 0
# duration_ms 569.185681
