.................................................................s.....F [ 23%]
........................................................................ [ 47%]
........................................................................ [ 70%]
........................................................................ [ 94%]
.................                                                        [100%]
================================== FAILURES ===================================
______ test_public_contract_has_no_grader_payload_and_openapi_is_current ______

    def test_public_contract_has_no_grader_payload_and_openapi_is_current():
        spec=definition('demo-sum')
        assert spec['validation']['duplicate_sensitive']
        app=create_app()
        try:
            schema=app.openapi()
            from pathlib import Path
            saved=json.loads(Path('packages/contracts/openapi.json').read_text())
>           assert saved==schema
E           AssertionError: assert {'components'...sult'}}, ...}} == {'openapi': '..., ...}, ...}}}
E             
E             Omitting 3 identical items, use -vv to show
E             Differing items:
E             {'components': {'schemas': {'AirflowRemoteRun': {'additionalProperties': False, 'properties': {'dag_id': {'maxLength':...shot'}, ...}, 'required': ['title', 'chartType', 'x', 'y', 'aggregation', 'query', ...], 'title': 'Board', ...}, ...}}} != {'components': {'schemas': {'AirflowRemoteRun': {'properties': {'dag_id': {'type': 'string', 'maxLength': 100, 'minLen...ties': False, 'type': 'object', 'required': ['title', 'chartType', 'x', 'y', 'aggregation', 'query', ...], ...}, ...}}}
E             Use -v to get more diff

tests\test_interview.py:99: AssertionError
============================== warnings summary ===============================
.venv\Lib\site-packages\starlette\testclient.py:45
  D:\PROJ\datapass-v1-final-20260921\source\.venv\Lib\site-packages\starlette\testclient.py:45: DeprecationWarning: The anyio.abc.BlockingPortal alias is deprecated, use anyio.from_thread.BlockingPortal instead.
    _PortalFactoryType = Callable[[], AbstractContextManager[anyio.abc.BlockingPortal]]

apps\api\datapass\analytics_contracts.py:52
  D:\PROJ\datapass-v1-final-20260921\source\apps\api\datapass\analytics_contracts.py:52: UserWarning: Field name "schema" in "ArtifactBundle" shadows an attribute in parent "Document"
    class ArtifactBundle(Document):

-- Docs: https://docs.pytest.org/en/stable/how-to/capture-warnings.html
=========================== short test summary info ===========================
SKIPPED [1] tests\test_guided_spark_v1.py:112: No live endpoint supplied; mock conformance is not deployment certification.
FAILED tests/test_interview.py::test_public_contract_has_no_grader_payload_and_openapi_is_current
1 failed, 303 passed, 1 skipped, 2 warnings in 88.41s (0:01:28)
