[WebServer] D:\PROJ\datapass-v1-final-20260921\source\apps\api\datapass\analytics_contracts.py:52: UserWarning: Field name "schema" in "ArtifactBundle" shadows an attribute in parent "Document"
[WebServer]   class ArtifactBundle(Document):
[WebServer] INFO:     Started server process [46676]
[WebServer] INFO:     Waiting for application startup.
[WebServer] INFO:     Application startup complete.
[WebServer] INFO:     Uvicorn running on http://127.0.0.1:18080 (Press CTRL+C to quit)

Running 1 test using 1 worker

(node:30948) Warning: The 'NO_COLOR' env is ignored due to the 'FORCE_COLOR' env being set.
(Use `node --trace-warnings ...` to show where the warning was created)
  x  1 tests\browser\v1-resources.spec.ts:7:1 › native dbt, catalog charts, pipeline tasks, model/SCD and durable resource views (11.6s)


  1) tests\browser\v1-resources.spec.ts:7:1 › native dbt, catalog charts, pipeline tasks, model/SCD and durable resource views 

    Error: {"detail":"Not Found"}

    expect(received).toBeTruthy()

    Received: false

      24 |  const catalogResponse=await request.get(`/api/workspaces/${wid}/catalog`,{headers});
      25 |  const catalog=await catalogResponse.json();
    > 26 |  expect(catalogResponse.ok(),JSON.stringify(catalog)).toBeTruthy();
         |                                                       ^
      27 |  expect(catalog.some((a:any)=>a.name==='warehouse.fct_sales'&&a.row_count===8)).toBeTruthy();
      28 |  await create(page,'Chart board');
      29 |  await page.getByRole('button',{name:'Run SQL on shared catalog',exact:true}).click();
        at D:\PROJ\datapass-v1-final-20260921\source\tests\browser\v1-resources.spec.ts:26:55

    Error Context: test-results\v1-resources-native-dbt-ca-0aa5b--and-durable-resource-views\error-context.md

    attachment #2: trace (application/zip) ─────────────────────────────────────────────────────────
    test-results\v1-resources-native-dbt-ca-0aa5b--and-durable-resource-views\trace.zip
    Usage:

        npx playwright show-trace test-results\v1-resources-native-dbt-ca-0aa5b--and-durable-resource-views\trace.zip

    ────────────────────────────────────────────────────────────────────────────────────────────────

  1 failed
    tests\browser\v1-resources.spec.ts:7:1 › native dbt, catalog charts, pipeline tasks, model/SCD and durable resource views 
