
> datapass-studio-root@0.1.0 test:browser
> playwright test

[WebServer] D:\PROJ\datapass-v1-final-20260921\source\apps\api\datapass\analytics_contracts.py:52: UserWarning: Field name "schema" in "ArtifactBundle" shadows an attribute in parent "Document"
[WebServer]   class ArtifactBundle(Document):
[WebServer] INFO:     Started server process [17800]
[WebServer] INFO:     Waiting for application startup.
[WebServer] INFO:     Application startup complete.
[WebServer] INFO:     Uvicorn running on http://127.0.0.1:18080 (Press CTRL+C to quit)

Running 12 tests using 1 worker

(node:48228) Warning: The 'NO_COLOR' env is ignored due to the 'FORCE_COLOR' env being set.
(Use `node --trace-warnings ...` to show where the warning was created)
  ok  1 tests\browser\analytics-m2.spec.ts:3:1 › M2 native preview keeps analytics and notebook source across save/reload (991ms)
  ok  2 tests\browser\core.spec.ts:4:1 › production React / DuckDB connected notebook journey (15.9s)
  ok  3 tests\browser\core.spec.ts:70:1 › editing, keyboard execution, stale lineage, recovery and distinct run scopes (27.3s)
  ok  4 tests\browser\core.spec.ts:124:1 › V1 playground launcher keeps free-canvas geometry and reopens the selected product shell (7.0s)
  ok  5 tests\browser\interview.spec.ts:4:1 › standalone practice shares notebook, saves drafts and separates Run from Submit (10.2s)
  ok  6 tests\browser\ui-m1-connected.spec.ts:5:1 › UI M1 connected notebook preserves its chosen view and canonical source after reopen (2.7s)
  ok  7 tests\browser\ui-m1.spec.ts:5:1 › UI M1 preview edits one source across layouts and never calls the API (842ms)
  ok  8 tests\browser\ui-m1.spec.ts:37:1 › UI M1 arena keeps answers while switching fixtures and works on a narrow screen (789ms)
  ok  9 tests\browser\v1-native.spec.ts:3:1 › native shell: one canonical figure, independent panes, persisted skins and source (3.8s)
  x  10 tests\browser\v1-resources.spec.ts:7:1 › native dbt, catalog charts, pipeline tasks, model/SCD and durable resource views (26.2s)
(node:47860) Warning: The 'NO_COLOR' env is ignored due to the 'FORCE_COLOR' env being set.
(Use `node --trace-warnings ...` to show where the warning was created)
  ok 11 tests\browser\v1-resources.spec.ts:58:1 › Arena pipeline Run/Submit grades DAG design and persists attempts (6.0s)
  x  12 tests\browser\v1-resources.spec.ts:79:1 › imported notebook executes real SQL, pandas and Polars; guided Run stays unavailable (3.5s)


  1) tests\browser\v1-resources.spec.ts:7:1 › native dbt, catalog charts, pipeline tasks, model/SCD and durable resource views 

    Error: expect(locator).toContainText(expected) failed

    Locator: getByLabel('Local dbt compiled SQL')
    Expected substring: "select"
    Timeout: 15000ms
    Error: element(s) not found

    Call log:
      - Expect "toContainText" getByLabel('Local dbt compiled SQL') with timeout 15000ms
      - waiting for getByLabel('Local dbt compiled SQL')


      19 |  await page.locator('.an-file-tree').getByRole('button',{name:/fct_sales.sql/}).click();
      20 |  await page.getByRole('tab',{name:'Compiled SQL',exact:true}).click();
    > 21 |  await expect(page.getByLabel('Local dbt compiled SQL')).toContainText('select');
         |                                                          ^
      22 |  await page.getByRole('button',{name:'Lineage view',exact:true}).click();
      23 |  await expect(page.getByLabel('Lineage direction')).toBeVisible();
      24 |  const catalog=await (await request.get(`/api/workspaces/${wid}/catalog`,{headers})).json();
        at D:\PROJ\datapass-v1-final-20260921\source\tests\browser\v1-resources.spec.ts:21:58

    Error Context: test-results\v1-resources-native-dbt-ca-0aa5b--and-durable-resource-views\error-context.md

    attachment #2: trace (application/zip) ─────────────────────────────────────────────────────────
    test-results\v1-resources-native-dbt-ca-0aa5b--and-durable-resource-views\trace.zip
    Usage:

        npx playwright show-trace test-results\v1-resources-native-dbt-ca-0aa5b--and-durable-resource-views\trace.zip

    ────────────────────────────────────────────────────────────────────────────────────────────────

  2) tests\browser\v1-resources.spec.ts:79:1 › imported notebook executes real SQL, pandas and Polars; guided Run stays unavailable 

    Error: locator.click: Error: strict mode violation: getByRole('button', { name: 'Arena', exact: true }) resolved to 2 elements:
        1) <button class="" aria-label="Arena">…</button> aka getByLabel('Arena')
        2) <button disabled aria-pressed="false" title="Open an exercise to use Arena">…</button> aka getByTestId('notebook-desktop').getByRole('button', { name: 'Arena' })

    Call log:
      - waiting for getByRole('button', { name: 'Arena', exact: true })


       96 |  expect(doc.runs.map((r:any)=>r.language)).toEqual(['sql','python','polars']);
       97 |  expect(doc.runs.every((r:any)=>r.status==='success'&&r.result.rows[0].answer===42)).toBeTruthy();
    >  98 |  await page.getByRole('button',{name:'Arena',exact:true}).click();
          |                                                           ^
       99 |  await page.locator('.case-card').filter({has:page.getByRole('heading',{name:/Guided.*filter/i})}).getByRole('button',{name:'Open exercise',exact:true}).click();
      100 |  await expect(page.locator('.dp-guided-connection')).toContainText('Unavailable:');
      101 |  await expect(page.locator('.dp-run-actions').getByRole('button',{name:'Run',exact:true})).toBeDisabled();
        at D:\PROJ\datapass-v1-final-20260921\source\tests\browser\v1-resources.spec.ts:98:59

    Error Context: test-results\v1-resources-imported-note-ac4ea-uided-Run-stays-unavailable\error-context.md

    attachment #2: trace (application/zip) ─────────────────────────────────────────────────────────
    test-results\v1-resources-imported-note-ac4ea-uided-Run-stays-unavailable\trace.zip
    Usage:

        npx playwright show-trace test-results\v1-resources-imported-note-ac4ea-uided-Run-stays-unavailable\trace.zip

    ────────────────────────────────────────────────────────────────────────────────────────────────

  2 failed
    tests\browser\v1-resources.spec.ts:7:1 › native dbt, catalog charts, pipeline tasks, model/SCD and durable resource views 
    tests\browser\v1-resources.spec.ts:79:1 › imported notebook executes real SQL, pandas and Polars; guided Run stays unavailable 
  10 passed (1.9m)
