
> datapass-studio-root@0.1.0 test:browser
> playwright test

[WebServer] D:\PROJ\datapass-v1-final-20260921\source\apps\api\datapass\analytics_contracts.py:52: UserWarning: Field name "schema" in "ArtifactBundle" shadows an attribute in parent "Document"
[WebServer]   class ArtifactBundle(Document):
[WebServer] INFO:     Started server process [27108]
[WebServer] INFO:     Waiting for application startup.
[WebServer] INFO:     Application startup complete.
[WebServer] INFO:     Uvicorn running on http://127.0.0.1:18080 (Press CTRL+C to quit)

Running 11 tests using 1 worker

(node:21324) Warning: The 'NO_COLOR' env is ignored due to the 'FORCE_COLOR' env being set.
(Use `node --trace-warnings ...` to show where the warning was created)
  ok  1 tests\browser\analytics-m2.spec.ts:3:1 › M2 native preview keeps analytics and notebook source across save/reload (1.2s)
  x   2 tests\browser\core.spec.ts:4:1 › production React / DuckDB connected notebook journey (8.6s)
(node:46476) Warning: The 'NO_COLOR' env is ignored due to the 'FORCE_COLOR' env being set.
(Use `node --trace-warnings ...` to show where the warning was created)
  ok  3 tests\browser\core.spec.ts:69:1 › editing, keyboard execution, stale lineage, recovery and distinct run scopes (13.8s)
  ok  4 tests\browser\core.spec.ts:123:1 › V1 playground launcher keeps free-canvas geometry and reopens the selected product shell (5.7s)
  x   5 tests\browser\interview.spec.ts:4:1 › standalone practice shares notebook, saves drafts and separates Run from Submit (17.5s)
(node:48732) Warning: The 'NO_COLOR' env is ignored due to the 'FORCE_COLOR' env being set.
(Use `node --trace-warnings ...` to show where the warning was created)
  ok  6 tests\browser\ui-m1-connected.spec.ts:5:1 › UI M1 connected notebook preserves its chosen view and canonical source after reopen (2.7s)
  ok  7 tests\browser\ui-m1.spec.ts:5:1 › UI M1 preview edits one source across layouts and never calls the API (840ms)
  ok  8 tests\browser\ui-m1.spec.ts:37:1 › UI M1 arena keeps answers while switching fixtures and works on a narrow screen (781ms)
  ok  9 tests\browser\v1-native.spec.ts:3:1 › native shell: one canonical figure, independent panes, persisted skins and source (3.7s)
  x  10 tests\browser\v1-resources.spec.ts:7:1 › native dbt, catalog charts, pipeline tasks, model/SCD and durable resource views (15.8s)
(node:28752) Warning: The 'NO_COLOR' env is ignored due to the 'FORCE_COLOR' env being set.
(Use `node --trace-warnings ...` to show where the warning was created)
  ok 11 tests\browser\v1-resources.spec.ts:57:1 › Arena pipeline Run/Submit grades DAG design and persists attempts (3.2s)


  1) tests\browser\core.spec.ts:4:1 › production React / DuckDB connected notebook journey ─────────

    TypeError: Cannot read properties of undefined (reading 'ingest')

      29 |  await page.getByRole('button',{name:'Save',exact:true}).click();await idle();
      30 |  const before=(await doc()).notebook;
    > 31 |  expect(before.practiceLayouts.ingest).toBeDefined();
         |                                ^
      32 |  await page.reload();await expect(page.locator('.monaco-editor').first()).toBeVisible();
      33 |  expect((await doc()).notebook.blockState).toEqual(before.blockState);
      34 |  expect((await doc()).notebook.practiceLayouts).toEqual(before.practiceLayouts);
        at D:\PROJ\datapass-v1-final-20260921\source\tests\browser\core.spec.ts:31:32

    Error Context: test-results\core-production-React-DuckDB-connected-notebook-journey\error-context.md

    attachment #2: trace (application/zip) ─────────────────────────────────────────────────────────
    test-results\core-production-React-DuckDB-connected-notebook-journey\trace.zip
    Usage:

        npx playwright show-trace test-results\core-production-React-DuckDB-connected-notebook-journey\trace.zip

    ────────────────────────────────────────────────────────────────────────────────────────────────

  2) tests\browser\interview.spec.ts:4:1 › standalone practice shares notebook, saves drafts and separates Run from Submit 

    Error: expect(locator).toHaveAttribute(expected) failed

    Locator:  getByRole('tab', { name: 'Interview', exact: true })
    Expected: "true"
    Received: "false"
    Timeout:  15000ms

    Call log:
      - Expect "toHaveAttribute" getByRole('tab', { name: 'Interview', exact: true }) with timeout 15000ms
      - waiting for getByRole('tab', { name: 'Interview', exact: true })
        33 × locator resolved to <button role="tab" type="button" value="interview" aria-selected="false" data-tabster="{"focusable":{"isDefault":false}}" class="fui-Tab ___l4jbh90 f122n59 f3bhgqh ft85np5 f1k6fduh f13qh94s fi64zpg f1u07yai frn2hmy f1olsevy fk6fouc f1i3iumi f1s6fcnf f10pi13n f1a3p1vp f1cxpek8 f4d9j23 f14mj54c f1wmopi4 f8hki3x f1d2448m f1bjia2o ffh67wi f1p7hgxw f1way5bb f9znhxp fqa318h f1vjpng2 f1c21dwh f9rvdkv f1051ucx fmmjozx fqhzt5g f7l5cgy fpkze5g f1iywnoi f9n45c4 fhw179n fg9j5n4 f1kmhr4c fl1ydde f1y7maxz fceyvr4 f…>…</button>
           - unexpected value "false"


      11 |  await page.getByText('Canvas presets, notebook skins and source tools',{exact:true}).click();
      12 |  await page.getByText('Review and advanced exercise actions',{exact:true}).click();
    > 13 |  await expect(page.getByRole('tab',{name:'Interview',exact:true})).toHaveAttribute('aria-selected','true');
         |                                                                    ^
      14 |  await expect(page.locator('.monaco-editor')).toBeVisible();
      15 |  const id=await page.getByLabel('Open workspace').inputValue();
      16 |  const idle=()=>expect(page.getByRole('button',{name:'Save',exact:true})).toBeEnabled();
        at D:\PROJ\datapass-v1-final-20260921\source\tests\browser\interview.spec.ts:13:68

    Error Context: test-results\interview-standalone-pract-cf86c-d-separates-Run-from-Submit\error-context.md

    attachment #2: trace (application/zip) ─────────────────────────────────────────────────────────
    test-results\interview-standalone-pract-cf86c-d-separates-Run-from-Submit\trace.zip
    Usage:

        npx playwright show-trace test-results\interview-standalone-pract-cf86c-d-separates-Run-from-Submit\trace.zip

    ────────────────────────────────────────────────────────────────────────────────────────────────

  3) tests\browser\v1-resources.spec.ts:7:1 › native dbt, catalog charts, pipeline tasks, model/SCD and durable resource views 

    TimeoutError: locator.click: Timeout 15000ms exceeded.
    Call log:
      - waiting for getByRole('dialog', { name: 'Open workspace resource' }).getByRole('button', { name: 'New dbt project', exact: true })


      3 | async function create(page:Page,name:string){
      4 |  await page.keyboard.press('Control+k');
    > 5 |  await page.getByRole('dialog',{name:'Open workspace resource'}).getByRole('button',{name:'New '+name,exact:true}).click();
        |                                                                                                                    ^
      6 | }
      7 | test('native dbt, catalog charts, pipeline tasks, model/SCD and durable resource views',async({page,request})=>{
      8 |  test.setTimeout(180000);
        at create (D:\PROJ\datapass-v1-final-20260921\source\tests\browser\v1-resources.spec.ts:5:116)
        at D:\PROJ\datapass-v1-final-20260921\source\tests\browser\v1-resources.spec.ts:15:2

    Error Context: test-results\v1-resources-native-dbt-ca-0aa5b--and-durable-resource-views\error-context.md

    attachment #2: trace (application/zip) ─────────────────────────────────────────────────────────
    test-results\v1-resources-native-dbt-ca-0aa5b--and-durable-resource-views\trace.zip
    Usage:

        npx playwright show-trace test-results\v1-resources-native-dbt-ca-0aa5b--and-durable-resource-views\trace.zip

    ────────────────────────────────────────────────────────────────────────────────────────────────

  3 failed
    tests\browser\core.spec.ts:4:1 › production React / DuckDB connected notebook journey ──────────
    tests\browser\interview.spec.ts:4:1 › standalone practice shares notebook, saves drafts and separates Run from Submit 
    tests\browser\v1-resources.spec.ts:7:1 › native dbt, catalog charts, pipeline tasks, model/SCD and durable resource views 
  8 passed (1.4m)
