Collecting dbt-charts
  Downloading dbt_charts-0.8.0-py3-none-any.whl.metadata (20 kB)
Requirement already satisfied: dbt-adapters<2,>=1.20 in d:\proj\datapass-v1-final-20260921\source\.venv\lib\site-packages (from dbt-charts) (1.24.5)
Requirement already satisfied: dbt-common>=1.0 in d:\proj\datapass-v1-final-20260921\source\.venv\lib\site-packages (from dbt-charts) (1.39.0)
Requirement already satisfied: dbt-core<2,>=1.8 in d:\proj\datapass-v1-final-20260921\source\.venv\lib\site-packages (from dbt-charts) (1.11.15)
Requirement already satisfied: dbt-duckdb<2,>=1.10 in d:\proj\datapass-v1-final-20260921\source\.venv\lib\site-packages (from dbt-charts) (1.11.0)
Requirement already satisfied: duckdb>=1.0.0 in d:\proj\datapass-v1-final-20260921\source\.venv\lib\site-packages (from dbt-charts) (1.5.5)
Requirement already satisfied: fastapi>=0.100.0 in d:\proj\datapass-v1-final-20260921\source\.venv\lib\site-packages (from dbt-charts) (0.128.2)
Collecting fonttools>=4.0 (from dbt-charts)
  Downloading fonttools-4.65.0-cp313-cp313-win_amd64.whl.metadata (127 kB)
Requirement already satisfied: httpx>=0.24.0 in d:\proj\datapass-v1-final-20260921\source\.venv\lib\site-packages (from dbt-charts) (0.28.1)
Collecting importlib-resources>=6.0 (from dbt-charts)
  Downloading importlib_resources-7.1.0-py3-none-any.whl.metadata (4.0 kB)
Requirement already satisfied: jinja2>=3.1.6 in d:\proj\datapass-v1-final-20260921\source\.venv\lib\site-packages (from dbt-charts) (3.1.6)
Requirement already satisfied: jsonschema>=4.0 in d:\proj\datapass-v1-final-20260921\source\.venv\lib\site-packages (from dbt-charts) (4.26.0)
Requirement already satisfied: msgpack>=1.0.0 in d:\proj\datapass-v1-final-20260921\source\.venv\lib\site-packages (from dbt-charts) (1.2.2)
Collecting nh3>=0.3.3 (from dbt-charts)
  Downloading nh3-0.3.7-cp38-abi3-win_amd64.whl.metadata (2.0 kB)
Collecting pillow>=9.0.0 (from dbt-charts)
  Using cached pillow-12.3.0-cp313-cp313-win_amd64.whl.metadata (9.3 kB)
Collecting plotext<6,>=5.0.0 (from dbt-charts)
  Downloading plotext-5.3.2-py3-none-any.whl.metadata (5.5 kB)
Collecting pyarrow>=14.0.0 (from dbt-charts)
  Using cached pyarrow-25.0.1-cp313-cp313-win_amd64.whl.metadata (3.0 kB)
Requirement already satisfied: pydantic>=2.0.0 in d:\proj\datapass-v1-final-20260921\source\.venv\lib\site-packages (from dbt-charts) (2.13.4)
Requirement already satisfied: pygments>=2.0.0 in d:\proj\datapass-v1-final-20260921\source\.venv\lib\site-packages (from dbt-charts) (2.21.0)
Requirement already satisfied: pyyaml>=6.0 in d:\proj\datapass-v1-final-20260921\source\.venv\lib\site-packages (from dbt-charts) (6.0.3)
Collecting rich>=13.0.0 (from dbt-charts)
  Downloading rich-15.0.0-py3-none-any.whl.metadata (18 kB)
Collecting sqlglot>=28.0.0 (from dbt-charts)
  Using cached sqlglot-30.18.0-py3-none-any.whl.metadata (25 kB)
Collecting titlecase>=2.4 (from dbt-charts)
  Downloading titlecase-2.4.1.tar.gz (14 kB)
  Installing build dependencies: started
  Installing build dependencies: finished with status 'done'
  Getting requirements to build wheel: started
  Getting requirements to build wheel: finished with status 'done'
  Preparing metadata (pyproject.toml): started
  Preparing metadata (pyproject.toml): finished with status 'done'
Collecting tomli-w>=1.0.0 (from dbt-charts)
  Downloading tomli_w-1.2.0-py3-none-any.whl.metadata (5.7 kB)
Collecting typer<0.26,>=0.12 (from dbt-charts)
  Downloading typer-0.25.1-py3-none-any.whl.metadata (15 kB)
Requirement already satisfied: typing-extensions>=4.5.0 in d:\proj\datapass-v1-final-20260921\source\.venv\lib\site-packages (from dbt-charts) (4.16.0)
Requirement already satisfied: uvicorn>=0.23.0 in d:\proj\datapass-v1-final-20260921\source\.venv\lib\site-packages (from dbt-charts) (0.53.0)
Collecting vl-convert-python>=1.9.0 (from dbt-charts)
  Downloading vl_convert_python-1.9.0.post1-cp37-abi3-win_amd64.whl.metadata (5.1 kB)
Collecting watchfiles>=1.1.1 (from dbt-charts)
  Downloading watchfiles-1.3.0-cp310-abi3-win_amd64.whl.metadata (5.0 kB)
Requirement already satisfied: agate<2.0,>=1.0 in d:\proj\datapass-v1-final-20260921\source\.venv\lib\site-packages (from dbt-adapters<2,>=1.20->dbt-charts) (1.9.1)
Requirement already satisfied: dbt-protos<2.0,>=1.0.291 in d:\proj\datapass-v1-final-20260921\source\.venv\lib\site-packages (from dbt-adapters<2,>=1.20->dbt-charts) (1.0.565)
Requirement already satisfied: mashumaro<3.18,>=3.9 in d:\proj\datapass-v1-final-20260921\source\.venv\lib\site-packages (from mashumaro[msgpack]<3.18,>=3.9->dbt-adapters<2,>=1.20->dbt-charts) (3.14)
Requirement already satisfied: protobuf<7.0,>=6.0 in d:\proj\datapass-v1-final-20260921\source\.venv\lib\site-packages (from dbt-adapters<2,>=1.20->dbt-charts) (6.33.6)
Requirement already satisfied: pytz>=2015.7 in d:\proj\datapass-v1-final-20260921\source\.venv\lib\site-packages (from dbt-adapters<2,>=1.20->dbt-charts) (2026.3.post1)
Requirement already satisfied: colorama<0.5,>=0.3.9 in d:\proj\datapass-v1-final-20260921\source\.venv\lib\site-packages (from dbt-common>=1.0->dbt-charts) (0.4.6)
Requirement already satisfied: deepdiff<9.0,>=7.0 in d:\proj\datapass-v1-final-20260921\source\.venv\lib\site-packages (from dbt-common>=1.0->dbt-charts) (8.6.2)
Requirement already satisfied: isodate<0.8,>=0.6 in d:\proj\datapass-v1-final-20260921\source\.venv\lib\site-packages (from dbt-common>=1.0->dbt-charts) (0.7.2)
Requirement already satisfied: opentelemetry-api<3.0,>=1.26 in d:\proj\datapass-v1-final-20260921\source\.venv\lib\site-packages (from dbt-common>=1.0->dbt-charts) (1.44.0)
Requirement already satisfied: pathspec<1.1,>=0.9 in d:\proj\datapass-v1-final-20260921\source\.venv\lib\site-packages (from dbt-common>=1.0->dbt-charts) (0.12.1)
Requirement already satisfied: python-dateutil<3.0,>=2.0 in d:\proj\datapass-v1-final-20260921\source\.venv\lib\site-packages (from dbt-common>=1.0->dbt-charts) (2.9.0.post0)
Requirement already satisfied: requests<3.0.0 in d:\proj\datapass-v1-final-20260921\source\.venv\lib\site-packages (from dbt-common>=1.0->dbt-charts) (2.34.2)
Requirement already satisfied: click<9.0,>=8.3.0 in d:\proj\datapass-v1-final-20260921\source\.venv\lib\site-packages (from dbt-core<2,>=1.8->dbt-charts) (8.5.0)
Requirement already satisfied: daff>=1.3.46 in d:\proj\datapass-v1-final-20260921\source\.venv\lib\site-packages (from dbt-core<2,>=1.8->dbt-charts) (1.4.2)
Requirement already satisfied: dbt-extractor<=0.6,>=0.5.0 in d:\proj\datapass-v1-final-20260921\source\.venv\lib\site-packages (from dbt-core<2,>=1.8->dbt-charts) (0.6.0)
Requirement already satisfied: dbt-semantic-interfaces<0.10,>=0.9.0 in d:\proj\datapass-v1-final-20260921\source\.venv\lib\site-packages (from dbt-core<2,>=1.8->dbt-charts) (0.9.0)
Requirement already satisfied: networkx<4.0,>=2.3 in d:\proj\datapass-v1-final-20260921\source\.venv\lib\site-packages (from dbt-core<2,>=1.8->dbt-charts) (3.7)
Requirement already satisfied: packaging>20.9 in d:\proj\datapass-v1-final-20260921\source\.venv\lib\site-packages (from dbt-core<2,>=1.8->dbt-charts) (26.3)
Requirement already satisfied: snowplow-tracker<2.0,>=1.0.2 in d:\proj\datapass-v1-final-20260921\source\.venv\lib\site-packages (from dbt-core<2,>=1.8->dbt-charts) (1.1.0)
Requirement already satisfied: sqlparse<0.7.0,>=0.5.5 in d:\proj\datapass-v1-final-20260921\source\.venv\lib\site-packages (from dbt-core<2,>=1.8->dbt-charts) (0.6.0)
Requirement already satisfied: starlette<0.51.0,>=0.40.0 in d:\proj\datapass-v1-final-20260921\source\.venv\lib\site-packages (from fastapi>=0.100.0->dbt-charts) (0.50.0)
Requirement already satisfied: typing-inspection>=0.4.2 in d:\proj\datapass-v1-final-20260921\source\.venv\lib\site-packages (from fastapi>=0.100.0->dbt-charts) (0.4.4)
Requirement already satisfied: annotated-doc>=0.0.2 in d:\proj\datapass-v1-final-20260921\source\.venv\lib\site-packages (from fastapi>=0.100.0->dbt-charts) (0.0.5)
Requirement already satisfied: anyio in d:\proj\datapass-v1-final-20260921\source\.venv\lib\site-packages (from httpx>=0.24.0->dbt-charts) (4.15.1)
Requirement already satisfied: certifi in d:\proj\datapass-v1-final-20260921\source\.venv\lib\site-packages (from httpx>=0.24.0->dbt-charts) (2026.7.22)
Requirement already satisfied: httpcore==1.* in d:\proj\datapass-v1-final-20260921\source\.venv\lib\site-packages (from httpx>=0.24.0->dbt-charts) (1.0.9)
Requirement already satisfied: idna in d:\proj\datapass-v1-final-20260921\source\.venv\lib\site-packages (from httpx>=0.24.0->dbt-charts) (3.20)
Requirement already satisfied: h11>=0.16 in d:\proj\datapass-v1-final-20260921\source\.venv\lib\site-packages (from httpcore==1.*->httpx>=0.24.0->dbt-charts) (0.16.0)
Requirement already satisfied: MarkupSafe>=2.0 in d:\proj\datapass-v1-final-20260921\source\.venv\lib\site-packages (from jinja2>=3.1.6->dbt-charts) (3.0.3)
Requirement already satisfied: attrs>=22.2.0 in d:\proj\datapass-v1-final-20260921\source\.venv\lib\site-packages (from jsonschema>=4.0->dbt-charts) (26.1.0)
Requirement already satisfied: jsonschema-specifications>=2023.03.6 in d:\proj\datapass-v1-final-20260921\source\.venv\lib\site-packages (from jsonschema>=4.0->dbt-charts) (2025.9.1)
Requirement already satisfied: referencing>=0.28.4 in d:\proj\datapass-v1-final-20260921\source\.venv\lib\site-packages (from jsonschema>=4.0->dbt-charts) (0.37.0)
Requirement already satisfied: rpds-py>=0.25.0 in d:\proj\datapass-v1-final-20260921\source\.venv\lib\site-packages (from jsonschema>=4.0->dbt-charts) (2026.6.3)
Requirement already satisfied: annotated-types>=0.6.0 in d:\proj\datapass-v1-final-20260921\source\.venv\lib\site-packages (from pydantic>=2.0.0->dbt-charts) (0.8.0)
Requirement already satisfied: pydantic-core==2.46.4 in d:\proj\datapass-v1-final-20260921\source\.venv\lib\site-packages (from pydantic>=2.0.0->dbt-charts) (2.46.4)
Collecting markdown-it-py>=2.2.0 (from rich>=13.0.0->dbt-charts)
  Using cached markdown_it_py-4.2.0-py3-none-any.whl.metadata (7.4 kB)
Collecting shellingham>=1.3.0 (from typer<0.26,>=0.12->dbt-charts)
  Using cached shellingham-1.5.4-py2.py3-none-any.whl.metadata (3.5 kB)
Requirement already satisfied: Babel>=2.0 in d:\proj\datapass-v1-final-20260921\source\.venv\lib\site-packages (from agate<2.0,>=1.0->dbt-adapters<2,>=1.20->dbt-charts) (2.18.0)
Requirement already satisfied: leather>=0.3.2 in d:\proj\datapass-v1-final-20260921\source\.venv\lib\site-packages (from agate<2.0,>=1.0->dbt-adapters<2,>=1.20->dbt-charts) (0.4.1)
Requirement already satisfied: parsedatetime!=2.5,>=2.1 in d:\proj\datapass-v1-final-20260921\source\.venv\lib\site-packages (from agate<2.0,>=1.0->dbt-adapters<2,>=1.20->dbt-charts) (2.6)
Requirement already satisfied: python-slugify>=1.2.1 in d:\proj\datapass-v1-final-20260921\source\.venv\lib\site-packages (from agate<2.0,>=1.0->dbt-adapters<2,>=1.20->dbt-charts) (9.1.0)
Requirement already satisfied: pytimeparse>=1.1.5 in d:\proj\datapass-v1-final-20260921\source\.venv\lib\site-packages (from agate<2.0,>=1.0->dbt-adapters<2,>=1.20->dbt-charts) (1.1.8)
Requirement already satisfied: tzdata>=2023.3 in d:\proj\datapass-v1-final-20260921\source\.venv\lib\site-packages (from agate<2.0,>=1.0->dbt-adapters<2,>=1.20->dbt-charts) (2026.4)
Requirement already satisfied: importlib-metadata<9,>=6.0 in d:\proj\datapass-v1-final-20260921\source\.venv\lib\site-packages (from dbt-semantic-interfaces<0.10,>=0.9.0->dbt-core<2,>=1.8->dbt-charts) (8.9.0)
Requirement already satisfied: more-itertools<11.0,>=8.0 in d:\proj\datapass-v1-final-20260921\source\.venv\lib\site-packages (from dbt-semantic-interfaces<0.10,>=0.9.0->dbt-core<2,>=1.8->dbt-charts) (10.8.0)
Requirement already satisfied: orderly-set<6,>=5.4.1 in d:\proj\datapass-v1-final-20260921\source\.venv\lib\site-packages (from deepdiff<9.0,>=7.0->dbt-common>=1.0->dbt-charts) (5.5.0)
Collecting mdurl~=0.1 (from markdown-it-py>=2.2.0->rich>=13.0.0->dbt-charts)
  Using cached mdurl-0.1.2-py3-none-any.whl.metadata (1.6 kB)
Requirement already satisfied: six>=1.5 in d:\proj\datapass-v1-final-20260921\source\.venv\lib\site-packages (from python-dateutil<3.0,>=2.0->dbt-common>=1.0->dbt-charts) (1.17.0)
Requirement already satisfied: charset_normalizer<4,>=2 in d:\proj\datapass-v1-final-20260921\source\.venv\lib\site-packages (from requests<3.0.0->dbt-common>=1.0->dbt-charts) (3.5.1)
Requirement already satisfied: urllib3<3,>=1.26 in d:\proj\datapass-v1-final-20260921\source\.venv\lib\site-packages (from requests<3.0.0->dbt-common>=1.0->dbt-charts) (2.8.0)
Requirement already satisfied: zipp>=3.20 in d:\proj\datapass-v1-final-20260921\source\.venv\lib\site-packages (from importlib-metadata<9,>=6.0->dbt-semantic-interfaces<0.10,>=0.9.0->dbt-core<2,>=1.8->dbt-charts) (4.1.0)
Requirement already satisfied: text-unidecode>=1.3 in d:\proj\datapass-v1-final-20260921\source\.venv\lib\site-packages (from python-slugify>=1.2.1->agate<2.0,>=1.0->dbt-adapters<2,>=1.20->dbt-charts) (1.3)
Downloading dbt_charts-0.8.0-py3-none-any.whl (7.9 MB)
   ---------------------------------------- 7.9/7.9 MB 8.2 MB/s eta 0:00:00
Downloading fonttools-4.65.0-cp313-cp313-win_amd64.whl (2.5 MB)
   ---------------------------------------- 2.5/2.5 MB 29.3 MB/s eta 0:00:00
Downloading importlib_resources-7.1.0-py3-none-any.whl (37 kB)
Downloading nh3-0.3.7-cp38-abi3-win_amd64.whl (644 kB)
   --------------------------------------- 644.5/644.5 kB 16.1 MB/s eta 0:00:00
Using cached pillow-12.3.0-cp313-cp313-win_amd64.whl (7.2 MB)
Downloading plotext-5.3.2-py3-none-any.whl (64 kB)
Using cached pyarrow-25.0.1-cp313-cp313-win_amd64.whl (27.9 MB)
Downloading rich-15.0.0-py3-none-any.whl (310 kB)
Using cached sqlglot-30.18.0-py3-none-any.whl (748 kB)
Downloading tomli_w-1.2.0-py3-none-any.whl (6.7 kB)
Downloading typer-0.25.1-py3-none-any.whl (58 kB)
Downloading vl_convert_python-1.9.0.post1-cp37-abi3-win_amd64.whl (32.1 MB)
   ---------------------------------------- 32.1/32.1 MB 46.4 MB/s eta 0:00:00
Downloading watchfiles-1.3.0-cp310-abi3-win_amd64.whl (290 kB)
Using cached markdown_it_py-4.2.0-py3-none-any.whl (91 kB)
Using cached shellingham-1.5.4-py2.py3-none-any.whl (9.8 kB)
Using cached mdurl-0.1.2-py3-none-any.whl (10.0 kB)
Building wheels for collected packages: titlecase
  Building wheel for titlecase (pyproject.toml): started
  Building wheel for titlecase (pyproject.toml): finished with status 'done'
  Created wheel for titlecase: filename=titlecase-2.4.1-py2.py3-none-any.whl size=10991 sha256=e3fc4a50a5affa662def7067fe0edf7f75721d569ff413b5246f39dbf8a61189
  Stored in directory: c:\users\julia\appdata\local\pip\cache\wheels\aa\4a\37\e14623bee7363d9178aaa5d155c49e9f395d65a446e672198a
Successfully built titlecase
Installing collected packages: vl-convert-python, tomli-w, titlecase, sqlglot, shellingham, pyarrow, plotext, pillow, nh3, mdurl, importlib-resources, fonttools, watchfiles, markdown-it-py, rich, typer, dbt-charts
Successfully installed dbt-charts-0.8.0 fonttools-4.65.0 importlib-resources-7.1.0 markdown-it-py-4.2.0 mdurl-0.1.2 nh3-0.3.7 pillow-12.3.0 plotext-5.3.2 pyarrow-25.0.1 rich-15.0.0 shellingham-1.5.4 sqlglot-30.18.0 titlecase-2.4.1 tomli-w-1.2.0 typer-0.25.1 vl-convert-python-1.9.0.post1 watchfiles-1.3.0

[notice] A new release of pip is available: 24.3.1 -> 26.2.1
[notice] To update, run: D:\PROJ\datapass-v1-final-20260921\source\.venv\Scripts\python.exe -m pip install --upgrade pip
