
> datapass-studio-root@0.1.0 test:v1:models
> node --experimental-strip-types --test tests/contracts.test.mts tests/interview.test.mts tests/foundation.test.mts && node --test tests/ui-m1-model.test.cjs tests/analytics-m2-model.test.cjs tests/workspace-resources.test.cjs tests/figures-v1.test.cjs tests/charts-interop.test.cjs

✔ graph validates unknown, duplicate and cycle; supports independent tasks (1.0995ms)
✔ case notebook has shared cell identity across all layouts (1.0727ms)
✔ geometry cannot change notebook execution order (0.2862ms)
✔ semantic move is explicit and includes its output (0.4062ms)
✔ practice canvas honors custom geometry (0.2907ms)
✔ project restore sanitizes blocks and keeps source (1.3924ms)
✔ kernel switch updates export type without losing source (0.1923ms)
✔ ipynb roundtrip preserves source metadata attachments and inert HTML (2.9577ms)
✔ unsupported notebook magics stay read-only (0.2562ms)
✔ root custom Spark kernel survives ipynb export and import (1.3072ms)
✔ output evidence is attached to its originating cell only (0.3089ms)
✔ server evidence cannot attach to another notebook (0.3082ms)
✔ stale or changed inputs invalidate report freshness (0.1176ms)
✔ new cells appear in all persistent layouts (0.2549ms)
✔ incompatible module contract rejected (0.0926ms)
✔ custom practice geometry survives project save and restore (0.6216ms)
✔ workflow evidence follows imported case cell identity and survives reopen (1.3276ms)
✔ corrupt import and duplicate project identities fail without changing source (0.4017ms)
✔ shared server/client fixture has valid references (2.5985ms)
✔ two panes reference exactly one notebook resource (7.7345ms)
✔ opening an already-open resource focuses without duplicating tabs (0.805ms)
✔ geometry/selection does not revise domain source (0.5919ms)
✔ semantic update is shared by all views and advances the resource revision (0.8276ms)
✔ closing views or panes never deletes source and maintains one placement (0.8105ms)
✔ moving a tab preserves view identity and layout (0.832ms)
✔ pane limit fails without mutating original (1.2583ms)
✔ dependency and derivation cycles fail closed (0.3785ms)
✔ relationship cycles and distinct column relationships are not dependency cycles (0.3814ms)
✔ model relationships require actual declared columns (0.1488ms)
✔ deleting a node cleans all view selections and incident edges (0.6795ms)
✔ missing notebook links and duplicate canonical references are rejected (0.5827ms)
✔ removing a design detaches its views without deleting the underlying notebook reference (0.564ms)
✔ unknown edge endpoints reject without accepting a partial graph (0.2334ms)
✔ MotherDuck is a first-class but unavailable target, never a fake successful executor (0.2191ms)
✔ measured local and modeled Spark times remain distinct (0.1161ms)
✔ minimal empty workspace is a valid additive envelope (0.1197ms)
✔ interview shares source and semantic order; geometry survives restore and view reset (3.3803ms)
✔ scoped reset and clear preserve unrelated notes, geometry and source (0.5194ms)
✔ hide is view-only, reset restores hidden references, deletion groups output (0.6061ms)
✔ exercise reset recovers deleted answer and preserves personal notes (0.7826ms)
✔ server hashes hydrate current source, edits stay historical, reset cannot resurrect output (7.9616ms)
✔ failed import leaves current notebook intact; unknown metadata and attachments roundtrip (3.1888ms)
✔ case notebooks choose product chrome without changing notebook semantics (0.4643ms)
✔ workspace presentation registry keeps product chrome separate from notebook geometry (0.2209ms)
✔ V1 playground presets cover local lakehouse, Fabric notebook, free canvas and optional MotherDuck (0.758ms)
✔ playground layout changes do not duplicate source or change canonical notebook order (0.4774ms)
ℹ tests 46
ℹ suites 0
ℹ pass 46
ℹ fail 0
ℹ cancelled 0
ℹ skipped 0
ℹ todo 0
ℹ duration_ms 240.9499
✔ new project survives validated JSON roundtrip without losing source/model/board rows (2.8138ms)
✔ namespaced analytics attachment does not require another notebook document (0.0934ms)
✔ new tab reuses existing layer and does not mutate prior session (0.535ms)
✔ split opens an empty second pane, not a notebook clone (0.1524ms)
✔ moving tabs preserves identity; closing never deletes project source (0.1992ms)
✔ single pane retains distinct tabs and active layer (0.1558ms)
✔ invalid pane ratio/active tab/collapse are rejected (0.2757ms)
✔ unsupported analytics schema and fractional revision are rejected (1.6075ms)
✔ invalid restored attachment reports error and leaves supplied object untouched (0.2351ms)
✔ edits to files are pure and enforce the source limit (0.2407ms)
✔ reject unsafe source path ../secrets.sql (0.0891ms)
✔ reject unsafe source path models/../../x.sql (0.0539ms)
✔ reject unsafe source path models//x.sql (0.0287ms)
✔ reject unsafe source path models/.x.sql (0.0252ms)
✔ reject unsafe source path profiles.yml (0.0225ms)
✔ reject unsafe source path models/CON.sql (0.0344ms)
✔ reject unsafe source path models/a./x.sql (0.0269ms)
✔ reject unsafe source path models\a.sql (0.0228ms)
✔ reject unsafe source path /models/a.sql (0.0221ms)
✔ prototype keys and deep/oversized JSON are rejected (0.1264ms)
✔ parse manifest schema and native dependency identities (0.5151ms)
✔ unsupported manifest schema fails closed (0.2983ms)
✔ node identity mismatch and duplicate dependencies are rejected (0.1922ms)
✔ unresolved manifest dependencies are explicitly warned (0.1113ms)
✔ manifest graph excludes test nodes by default (0.2254ms)
✔ run results require matching invocation; never attach stale results (0.4009ms)
✔ run results reject orphan IDs, duplicate IDs and negative durations (0.2086ms)
✔ imported run evidence roundtrips without becoming live evidence (0.6618ms)
✔ sample dbt graph derives five nodes and four references from source (0.768ms)
✔ draft scanner does not count SQL or Jinja comments (0.1176ms)
✔ missing and dynamic ref warnings never claim successful compile (0.2175ms)
✔ cycles are detected and layout is finite (0.4654ms)
✔ upstream and downstream traversal preserves directed meaning (0.2606ms)
✔ schema checks flag nullable primary keys and type mismatches (0.3061ms)
✔ relationship endpoints and duplicate edges are validated (0.1445ms)
✔ removing table removes dangling relationships and column mappings (0.1098ms)
✔ DDL generation quotes identifiers and is a design, not execution (0.3741ms)
✔ Type 1 retains two rows and latest cities (0.3678ms)
✔ Type 2 records four rows; unchanged event adds none (0.1331ms)
✔ Type 2 as-of join is half-open and unique at change boundary (0.081ms)
✔ Type 3 retains only immediate previous city (0.0516ms)
✔ SCD replay leaves input unchanged and rejects impossible dates/order (0.0942ms)
✔ SCD exercise answer is tied to displayed type and event index (0.0895ms)
✔ chart sample totals match the seed fixture (0.2293ms)
✔ chart query edit marks evidence stale rather than generating new rows (0.083ms)
✔ chart mean KPI is over rows, not an unweighted mean of group means (0.2864ms)
✔ count includes rows with null measures and numeric zero is preserved (0.085ms)
✔ chart imports reject nested cells, mismatched schemas and excess rows (0.6495ms)
✔ numeric overflow is rejected instead of rendering Infinity (0.1271ms)
✔ chart exports use dct board grammar with no execution claim (0.1046ms)
✔ guided Spark is explicit consent plus fixture-bound allowed operations (0.1465ms)
✔ guided Spark rejects another dataset, unsupported operations and warnings (0.0719ms)
✔ chart groups preserve typed scalar identities despite matching display labels (0.079ms)
✔ root restore preserves only the bounded analytics namespace, including invalid schemas for recovery (1.9254ms)
✔ native chart freshness detects changed, missing, and stale registered inputs without claiming untracked lineage (0.2335ms)
✔ local chart project import preserves authenticated versions and empty result schema (0.3277ms)
✔ dbt Charts bar import clears evidence and retains SQL (11.0903ms)
✔ dbt Charts line import clears evidence and retains SQL (2.5846ms)
✔ dbt Charts kpi import clears evidence and retains SQL (0.9961ms)
✔ dbt Charts table import clears evidence and retains SQL (1.277ms)
✔ unsupported or ambiguous YAML fails without silently dropping semantics (7.3434ms)
✔ equality join preserves duplicates and does not match two NULL keys (2.243ms)
✔ empty input and duplicate left rows retain correct cardinality (1.0476ms)
✔ partition fixture is deterministic, covers all row identities and exposes skew (0.7983ms)
✔ all frozen figure frames have stable unique IDs, truth and text without motion (2.3714ms)
✔ two figure panes preserve one canonical resource and independent playback cursors (1.9403ms)
✔ layout safely normalizes null (2.4184ms)
✔ layout safely normalizes undefined (0.2856ms)
✔ layout safely normalizes [] (0.1966ms)
✔ layout safely normalizes {} (0.1541ms)
✔ layout safely normalizes 0 (0.1354ms)
✔ layout safely normalizes "invalid" (0.1095ms)
✔ layout safely normalizes true (0.1634ms)
✔ layout safely normalizes {"version":2} (0.169ms)
✔ layout safely normalizes {"version":1,"explorerWidth":null,"resultHeight":null} (0.3399ms)
✔ layout keeps supported values, clamps bounds and ignores injected fields (1.0245ms)
✔ layout default object cannot be polluted by returned state (0.1164ms)
✔ workspace and notebook layout keys do not collide (0.1475ms)
✔ layout persists and restores through the StoragePort contract (0.2375ms)
✔ corrupt layout recovers without mutating source (0.2874ms)
✔ quota/security errors are visible not swallowed (0.15ms)
✔ semantic order ignores physical block order and canvas placement (0.2506ms)
✔ missing/duplicate view references do not duplicate render cells (0.1398ms)
✔ no notebook view falls back to canonical blocks, without sorting (0.1065ms)
✔ arena uses exercise answer identity, separates scratch and groups its output (0.2921ms)
✔ plain notebook cannot accidentally become an arena answer (0.0989ms)
✔ read-only imported code is not runnable (0.0793ms)
✔ catalog does not lose custom layers or mutate source order (0.3456ms)
✔ SQL table names are quoted, not interpolated as statements (0.2696ms)
✔ responsive panels leave usable center at width 320 (0.1178ms)
✔ responsive panels leave usable center at width 640 (0.0321ms)
✔ responsive panels leave usable center at width 899 (0.0242ms)
✔ responsive panels leave usable center at width 900 (0.025ms)
✔ responsive panels leave usable center at width 1024 (0.0288ms)
✔ responsive panels leave usable center at width 1180 (0.045ms)
✔ responsive panels leave usable center at width 1500 (0.0302ms)
✔ focus hides sidebars without changing stored geometry (0.0874ms)
✔ command search matches every term and bounds result count (0.386ms)
✔ indent selection "abc" 1:1 (0.1917ms)
✔ indent selection "a\nb\nc" 0:4 (0.1871ms)
✔ indent selection "\na" 0:0 (0.0626ms)
✔ indent selection "a\nb" 0:3 (0.0736ms)
✔ multiline indentation can be exactly reversed (0.1773ms)
✔ outdent handles a tab and short indentation (0.0789ms)
✔ outdent cursor within leading spaces never goes negative (0.0837ms)
✔ blank first line outdent keeps following line intact (0.0498ms)
✔ python colon newline adds one indentation level (0.1114ms)
✔ SQL newline copies indentation without Python colon rules (0.0857ms)
✔ newline at start of blank line does not eat source (0.0796ms)
✔ SQL and Python comment toggles round-trip multi-line source (0.2952ms)
✔ comment selection ending at next line does not touch next line (0.1277ms)
✔ comment cursor at start of empty line does not modify next line (0.0933ms)
✔ invalid selection positions are bounded (0.1075ms)
✔ fixture documents use RootNotebook-shaped source and views, no evidence (1.5297ms)
✔ fixture storage strips claimed execution evidence (0.4772ms)
✔ fixture restore rejects duplicate IDs, oversized files and hostile geometry (7.2208ms)
✔ static worker never serves HTML as API success /api (22.5266ms)
✔ static worker never serves HTML as API success /api/workspaces (0.3871ms)
✔ static worker never serves HTML as API success /api/foo?x=1 (0.3379ms)
✔ static worker forwards non-API requests unchanged (0.436ms)
✔ preferred view restores only known views and never internal practice snapshots (0.1615ms)
✔ outdent selection ending inside last-line indentation maps to its new start (0.1106ms)
✔ prefix edits preserve ordered, bounded selections over exhaustive small examples (1.1337ms)
✔ M2 migrates once and retains original attachment byte-for-byte (11.9774ms)
✔ identical content on two notebooks shares resources, not ownership (1.9918ms)
✔ conflicting dbt attachments preserve both projects but dedupe unchanged models (1.9097ms)
✔ unknown attachment is retained with a recovery journal, never replaced by samples (0.2874ms)
✔ alternate views edit one canonical dbt resource and retain per-view selected files (2.826ms)
✔ closing all analytics views never deletes the sources (1.4263ms)
✔ themes and skins are presentation-only data (1.2324ms)
✔ existing root layout keeps stable view and pane identity during migration (1.6126ms)
ℹ tests 131
ℹ suites 0
ℹ pass 131
ℹ fail 0
ℹ cancelled 0
ℹ skipped 0
ℹ todo 0
ℹ duration_ms 635.2755
