
> datapass-studio-root@0.1.0 test:v1:models
> node --experimental-strip-types --test tests/contracts.test.mts tests/interview.test.mts tests/foundation.test.mts && node --test tests/ui-m1-model.test.cjs tests/analytics-m2-model.test.cjs tests/workspace-resources.test.cjs tests/figures-v1.test.cjs tests/charts-interop.test.cjs

✔ graph validates unknown, duplicate and cycle; supports independent tasks (2.4103ms)
✔ case notebook has shared cell identity across all layouts (1.9264ms)
✔ geometry cannot change notebook execution order (0.6062ms)
✔ semantic move is explicit and includes its output (0.7594ms)
✔ practice canvas honors custom geometry (0.4639ms)
✔ project restore sanitizes blocks and keeps source (2.6854ms)
✔ kernel switch updates export type without losing source (0.3941ms)
✔ ipynb roundtrip preserves source metadata attachments and inert HTML (4.6351ms)
✔ unsupported notebook magics stay read-only (0.4133ms)
✔ root custom Spark kernel survives ipynb export and import (2.064ms)
✔ output evidence is attached to its originating cell only (0.5337ms)
✔ server evidence cannot attach to another notebook (0.2533ms)
✔ stale or changed inputs invalidate report freshness (0.186ms)
✔ new cells appear in all persistent layouts (0.3622ms)
✔ incompatible module contract rejected (0.1204ms)
✔ custom practice geometry survives project save and restore (1.1054ms)
✔ workflow evidence follows imported case cell identity and survives reopen (2.5074ms)
✔ corrupt import and duplicate project identities fail without changing source (0.7491ms)
✔ shared server/client fixture has valid references (2.8835ms)
✔ two panes reference exactly one notebook resource (4.9587ms)
✔ opening an already-open resource focuses without duplicating tabs (0.6241ms)
✔ geometry/selection does not revise domain source (0.6376ms)
✔ semantic update is shared by all views and advances the resource revision (0.8019ms)
✔ closing views or panes never deletes source and maintains one placement (0.9263ms)
✔ moving a tab preserves view identity and layout (0.8181ms)
✔ pane limit fails without mutating original (1.0845ms)
✔ dependency and derivation cycles fail closed (0.3453ms)
✔ relationship cycles and distinct column relationships are not dependency cycles (0.275ms)
✔ model relationships require actual declared columns (0.1669ms)
✔ deleting a node cleans all view selections and incident edges (0.7872ms)
✔ missing notebook links and duplicate canonical references are rejected (0.5659ms)
✔ removing a design detaches its views without deleting the underlying notebook reference (0.6443ms)
✔ unknown edge endpoints reject without accepting a partial graph (0.3149ms)
✔ MotherDuck is a first-class but unavailable target, never a fake successful executor (0.2862ms)
✔ measured local and modeled Spark times remain distinct (0.1861ms)
✔ minimal empty workspace is a valid additive envelope (0.163ms)
✔ interview shares source and semantic order; geometry survives restore and view reset (5.1004ms)
✔ scoped reset and clear preserve unrelated notes, geometry and source (0.5294ms)
✔ hide is view-only, reset restores hidden references, deletion groups output (0.9168ms)
✔ exercise reset recovers deleted answer and preserves personal notes (0.8355ms)
✔ server hashes hydrate current source, edits stay historical, reset cannot resurrect output (9.4438ms)
✔ failed import leaves current notebook intact; unknown metadata and attachments roundtrip (3.6367ms)
✔ case notebooks choose product chrome without changing notebook semantics (0.4614ms)
✔ workspace presentation registry keeps product chrome separate from notebook geometry (0.1903ms)
✔ V1 playground presets cover local lakehouse, Fabric notebook, free canvas and optional MotherDuck (1.0646ms)
✔ playground layout changes do not duplicate source or change canonical notebook order (0.7047ms)
ℹ tests 46
ℹ suites 0
ℹ pass 46
ℹ fail 0
ℹ cancelled 0
ℹ skipped 0
ℹ todo 0
ℹ duration_ms 320.3159
✔ new project survives validated JSON roundtrip without losing source/model/board rows (3.1519ms)
✔ namespaced analytics attachment does not require another notebook document (0.1469ms)
✔ new tab reuses existing layer and does not mutate prior session (0.7054ms)
✔ split opens an empty second pane, not a notebook clone (0.2122ms)
✔ moving tabs preserves identity; closing never deletes project source (0.3113ms)
✔ single pane retains distinct tabs and active layer (0.2405ms)
✔ invalid pane ratio/active tab/collapse are rejected (0.3972ms)
✔ unsupported analytics schema and fractional revision are rejected (2.3046ms)
✔ invalid restored attachment reports error and leaves supplied object untouched (0.3073ms)
✔ edits to files are pure and enforce the source limit (0.2893ms)
✔ reject unsafe source path ../secrets.sql (0.1078ms)
✔ reject unsafe source path models/../../x.sql (0.055ms)
✔ reject unsafe source path models//x.sql (0.0342ms)
✔ reject unsafe source path models/.x.sql (0.0381ms)
✔ reject unsafe source path profiles.yml (0.0354ms)
✔ reject unsafe source path models/CON.sql (0.0383ms)
✔ reject unsafe source path models/a./x.sql (0.0375ms)
✔ reject unsafe source path models\a.sql (0.0282ms)
✔ reject unsafe source path /models/a.sql (0.0234ms)
✔ prototype keys and deep/oversized JSON are rejected (0.1315ms)
✔ parse manifest schema and native dependency identities (0.5142ms)
✔ unsupported manifest schema fails closed (0.2895ms)
✔ node identity mismatch and duplicate dependencies are rejected (0.2013ms)
✔ unresolved manifest dependencies are explicitly warned (0.1312ms)
✔ manifest graph excludes test nodes by default (0.2692ms)
✔ run results require matching invocation; never attach stale results (0.4848ms)
✔ run results reject orphan IDs, duplicate IDs and negative durations (0.2521ms)
✔ imported run evidence roundtrips without becoming live evidence (0.7044ms)
✔ sample dbt graph derives five nodes and four references from source (0.8293ms)
✔ draft scanner does not count SQL or Jinja comments (0.1111ms)
✔ missing and dynamic ref warnings never claim successful compile (0.2462ms)
✔ cycles are detected and layout is finite (0.2643ms)
✔ upstream and downstream traversal preserves directed meaning (0.5007ms)
✔ schema checks flag nullable primary keys and type mismatches (0.4762ms)
✔ relationship endpoints and duplicate edges are validated (0.1835ms)
✔ removing table removes dangling relationships and column mappings (0.1331ms)
✔ DDL generation quotes identifiers and is a design, not execution (0.4832ms)
✔ Type 1 retains two rows and latest cities (0.4543ms)
✔ Type 2 records four rows; unchanged event adds none (0.1945ms)
✔ Type 2 as-of join is half-open and unique at change boundary (0.1082ms)
✔ Type 3 retains only immediate previous city (0.0679ms)
✔ SCD replay leaves input unchanged and rejects impossible dates/order (0.1425ms)
✔ SCD exercise answer is tied to displayed type and event index (0.127ms)
✔ chart sample totals match the seed fixture (0.3388ms)
✔ chart query edit marks evidence stale rather than generating new rows (0.0901ms)
✔ chart mean KPI is over rows, not an unweighted mean of group means (0.3834ms)
✔ count includes rows with null measures and numeric zero is preserved (0.1104ms)
✔ chart imports reject nested cells, mismatched schemas and excess rows (0.8012ms)
✔ numeric overflow is rejected instead of rendering Infinity (0.2142ms)
✔ chart exports use dct board grammar with no execution claim (0.0842ms)
✔ guided Spark is explicit consent plus fixture-bound allowed operations (0.1937ms)
✔ guided Spark rejects another dataset, unsupported operations and warnings (0.1018ms)
✔ chart groups preserve typed scalar identities despite matching display labels (0.1073ms)
✔ root restore preserves only the bounded analytics namespace, including invalid schemas for recovery (2.2537ms)
✔ native chart freshness detects changed, missing, and stale registered inputs without claiming untracked lineage (0.3274ms)
✔ local chart project import preserves authenticated versions and empty result schema (0.4186ms)
✔ Windows dbt manifest paths map to canonical project files (0.1611ms)
✔ dbt Charts bar import clears evidence and retains SQL (13.1688ms)
✔ dbt Charts line import clears evidence and retains SQL (1.933ms)
✔ dbt Charts kpi import clears evidence and retains SQL (1.4438ms)
✔ dbt Charts table import clears evidence and retains SQL (1.3294ms)
✔ unsupported or ambiguous YAML fails without silently dropping semantics (7.0522ms)
✔ equality join preserves duplicates and does not match two NULL keys (0.926ms)
✔ empty input and duplicate left rows retain correct cardinality (0.6806ms)
✔ partition fixture is deterministic, covers all row identities and exposes skew (0.482ms)
✔ all frozen figure frames have stable unique IDs, truth and text without motion (1.5144ms)
✔ two figure panes preserve one canonical resource and independent playback cursors (1.7313ms)
✔ layout safely normalizes null (1.7624ms)
✔ layout safely normalizes undefined (0.2178ms)
✔ layout safely normalizes [] (0.1833ms)
✔ layout safely normalizes {} (0.1734ms)
✔ layout safely normalizes 0 (0.1434ms)
✔ layout safely normalizes "invalid" (0.1507ms)
✔ layout safely normalizes true (0.1173ms)
✔ layout safely normalizes {"version":2} (0.1934ms)
✔ layout safely normalizes {"version":1,"explorerWidth":null,"resultHeight":null} (0.1783ms)
✔ layout keeps supported values, clamps bounds and ignores injected fields (1.0095ms)
✔ layout default object cannot be polluted by returned state (0.1617ms)
✔ workspace and notebook layout keys do not collide (0.1822ms)
✔ layout persists and restores through the StoragePort contract (0.2748ms)
✔ corrupt layout recovers without mutating source (0.3042ms)
✔ quota/security errors are visible not swallowed (0.2395ms)
✔ semantic order ignores physical block order and canvas placement (0.2633ms)
✔ missing/duplicate view references do not duplicate render cells (0.1964ms)
✔ no notebook view falls back to canonical blocks, without sorting (0.1337ms)
✔ arena uses exercise answer identity, separates scratch and groups its output (0.3228ms)
✔ plain notebook cannot accidentally become an arena answer (0.1102ms)
✔ read-only imported code is not runnable (0.0813ms)
✔ catalog does not lose custom layers or mutate source order (0.3478ms)
✔ SQL table names are quoted, not interpolated as statements (0.3812ms)
✔ responsive panels leave usable center at width 320 (0.169ms)
✔ responsive panels leave usable center at width 640 (0.063ms)
✔ responsive panels leave usable center at width 899 (0.049ms)
✔ responsive panels leave usable center at width 900 (0.0462ms)
✔ responsive panels leave usable center at width 1024 (0.1055ms)
✔ responsive panels leave usable center at width 1180 (0.0841ms)
✔ responsive panels leave usable center at width 1500 (0.0455ms)
✔ focus hides sidebars without changing stored geometry (0.106ms)
✔ command search matches every term and bounds result count (0.4034ms)
✔ indent selection "abc" 1:1 (0.2343ms)
✔ indent selection "a\nb\nc" 0:4 (0.1894ms)
✔ indent selection "\na" 0:0 (0.1362ms)
✔ indent selection "a\nb" 0:3 (0.101ms)
✔ multiline indentation can be exactly reversed (0.2183ms)
✔ outdent handles a tab and short indentation (0.1365ms)
✔ outdent cursor within leading spaces never goes negative (0.1691ms)
✔ blank first line outdent keeps following line intact (0.1154ms)
✔ python colon newline adds one indentation level (0.2045ms)
✔ SQL newline copies indentation without Python colon rules (0.1482ms)
✔ newline at start of blank line does not eat source (0.1341ms)
✔ SQL and Python comment toggles round-trip multi-line source (0.467ms)
✔ comment selection ending at next line does not touch next line (0.1599ms)
✔ comment cursor at start of empty line does not modify next line (0.0809ms)
✔ invalid selection positions are bounded (0.1558ms)
✔ fixture documents use RootNotebook-shaped source and views, no evidence (1.27ms)
✔ fixture storage strips claimed execution evidence (0.3086ms)
✔ fixture restore rejects duplicate IDs, oversized files and hostile geometry (5.1526ms)
✔ static worker never serves HTML as API success /api (24.5256ms)
✔ static worker never serves HTML as API success /api/workspaces (0.5927ms)
✔ static worker never serves HTML as API success /api/foo?x=1 (0.4697ms)
✔ static worker forwards non-API requests unchanged (0.6346ms)
✔ preferred view restores only known views and never internal practice snapshots (0.2201ms)
✔ outdent selection ending inside last-line indentation maps to its new start (0.1566ms)
✔ prefix edits preserve ordered, bounded selections over exhaustive small examples (1.5332ms)
✔ M2 migrates once and retains original attachment byte-for-byte (14.4332ms)
✔ identical content on two notebooks shares resources, not ownership (2.4466ms)
✔ conflicting dbt attachments preserve both projects but dedupe unchanged models (4.1058ms)
✔ unknown attachment is retained with a recovery journal, never replaced by samples (0.3964ms)
✔ alternate views edit one canonical dbt resource and retain per-view selected files (3.3895ms)
✔ closing all analytics views never deletes the sources (1.4795ms)
✔ themes and skins are presentation-only data (1.3172ms)
✔ existing root layout keeps stable view and pane identity during migration (1.7215ms)
ℹ tests 132
ℹ suites 0
ℹ pass 132
ℹ fail 0
ℹ cancelled 0
ℹ skipped 0
ℹ todo 0
ℹ duration_ms 673.9126
