D:\PROJ\datapass-v1-final-20260921\source\apps\api\datapass\analytics_contracts.py:52: UserWarning: Field name "schema" in "ArtifactBundle" shadows an attribute in parent "Document"
  class ArtifactBundle(Document):
{
  "gate": "real-local-dbt-shared-catalog",
  "storage": "duckdb",
  "status": "PASS",
  "versions": {
    "duckdb": "1.5.5",
    "dbt-core": "1.11.15",
    "dbt-duckdb": "1.11.0",
    "polars": "1.44.2",
    "pandas": "3.0.6",
    "dbt-charts": "0.8.0"
  },
  "checks": [
    "Real dbt seed/model/test build, matching artifacts, compiled SQL and lineage",
    "dbt output visible through shared notebook catalog after kernel restart",
    "Official dct validated and rendered exported bar/line/KPI/table YAML against real dbt output",
    "Shared Arena fixtures: DuckDB, pandas, native Polars, bounded dbt/Spark semantics"
  ],
  "job": {
    "schema_version": 1,
    "id": "e103c8c04faf4823ad3134f7630e208f",
    "workspace_id": "b04711fb65f34daa9a37031be8ce05fe",
    "resource_id": "native-dbt",
    "resource_revision": 0,
    "workspace_revision": 1,
    "source_hash": "6fd9f80f07b2e0bc28b28dc556f1b790797b5d9e9a0cddffc8c6f5618d125139",
    "kind": "dbt",
    "action": "build",
    "status": "success",
    "truth": "real_local",
    "created_at": "2026-09-21T18:45:49.093068+00:00",
    "started_at": "2026-09-21T18:45:49.095504+00:00",
    "finished_at": "2026-09-21T18:45:58.173635+00:00",
    "elapsed_ms": 9080.551,
    "runtime": {
      "adapter": "dbt-core",
      "versions": {
        "dbt-core": "1.11.15",
        "dbt-duckdb": "1.11.0",
        "duckdb": "1.5.5"
      },
      "storage": "duckdb",
      "lakehouse": {
        "schema_version": 1,
        "active": false,
        "table_format": "ducklake",
        "compute_engine": "duckdb",
        "metadata_backend": null,
        "metadata_file": null,
        "data_format": "parquet",
        "data_directory": null,
        "data_inlining_row_limit": 0,
        "truth": "real local DuckDB compatibility mode; DuckLake is not attached",
        "duckdb_version": "v1.5.5",
        "ducklake_extension_installed": true,
        "ducklake_extension_version": "d8a1881e",
        "legacy_metadata": false
      },
      "process_isolation": "trusted local subprocess; not a sandbox"
    },
    "log": "[dbt] build / canonical resource native-dbt revision 0\n[stdout] 18:45:52  Running with dbt=1.11.15\r\n18:45:53  Registered adapter: duckdb=1.11.0\r\n18:45:55  Found 1 model, 1 test, 1 seed, 500 macros\r\n18:45:55  \r\n18:45:55  Concurrency: 1 threads (target='local')\r\n18:45:55  \r\n18:45:55  1 of 3 START seed file warehouse.smoke_seed .................................... [RUN]\r\n18:45:56  1 of 3 OK loaded seed file warehouse.smoke_seed ................................ [INSERT 2 in 0.14s]\r\n18:45:56  2 of 3 START sql table model warehouse.smoke_model ............................. [RUN]\r\n18:45:56  2 of 3 OK created sql table model warehouse.smoke_model ........................ [OK in 0.14s]\r\n18:45:56  3 of 3 START test assert_smoke ................................................. [RUN]\r\n18:45:56  3 of 3 PASS assert_smoke ....................................................... [PASS in 0.08s]\r\n18:45:56  \r\n18:45:56  Finished running 1 seed, 1 table model, 1 test in 0 hours 0 minutes and 0.68 seconds (0.68s).\r\n18:45:56  \r\n18:45:56  Completed successfully\r\n18:45:56  \r\n18:45:56  Done. PASS=3 WARN=0 ERROR=0 SKIP=0 NO-OP=0 TOTAL=3\r\n",
    "log_truncated": false,
    "artifacts": {
      "manifest": {
        "file": "manifest.json",
        "bytes": 559534,
        "sha256": "32cd704e65032189a2535fb10858e55926c986980e3327746e3c0f02ea00542d"
      },
      "run_results": {
        "file": "run_results.json",
        "bytes": 5507,
        "sha256": "2538774ceb969143eb4d34e3b650056d975cfbe0d302ad5ebb883d340395f988"
      }
    },
    "steps": [],
    "result": {
      "runtime": {
        "adapter": "dbt-core",
        "versions": {
          "dbt-core": "1.11.15",
          "dbt-duckdb": "1.11.0",
          "duckdb": "1.5.5"
        },
        "storage": "duckdb",
        "lakehouse": {
          "schema_version": 1,
          "active": false,
          "table_format": "ducklake",
          "compute_engine": "duckdb",
          "metadata_backend": null,
          "metadata_file": null,
          "data_format": "parquet",
          "data_directory": null,
          "data_inlining_row_limit": 0,
          "truth": "real local DuckDB compatibility mode; DuckLake is not attached",
          "duckdb_version": "v1.5.5",
          "ducklake_extension_installed": true,
          "ducklake_extension_version": "d8a1881e",
          "legacy_metadata": false
        },
        "process_isolation": "trusted local subprocess; not a sandbox"
      },
      "returncode": 0,
      "invocation_id": "d1384f24-b345-4083-9fe0-ba9c1dd6db0f",
      "warnings": [],
      "action": "build",
      "selector": "",
      "resource_id": "native-dbt",
      "resource_revision": 0,
      "source_hash": "8306e91f13f773be43594fee7cf260d5dc30d7c05658057d56821dffef88b16d",
      "files": {
        "manifest": {
          "file": "manifest.json",
          "bytes": 559534,
          "sha256": "32cd704e65032189a2535fb10858e55926c986980e3327746e3c0f02ea00542d"
        },
        "run_results": {
          "file": "run_results.json",
          "bytes": 5507,
          "sha256": "2538774ceb969143eb4d34e3b650056d975cfbe0d302ad5ebb883d340395f988"
        }
      },
      "truth": "real_local",
      "catalog_registration": {
        "registered": [
          "warehouse.smoke_seed",
          "warehouse.smoke_model"
        ],
        "omitted": []
      }
    }
  },
  "charts": [
    {
      "command": [
        "D:\\PROJ\\datapass-v1-final-20260921\\source\\.venv\\Scripts\\dct.exe",
        "validate",
        "C:\\Users\\julia\\AppData\\Local\\Temp\\datapass-v1-native-od00may6\\b04711fb65f34daa9a37031be8ce05fe\\jobs\\e103c8c04faf4823ad3134f7630e208f\\dbt\\source\\bar.yml"
      ],
      "exit_code": 0,
      "stdout": "\u00e2\u0153\u201c bar.yml OK\n",
      "stderr": ""
    },
    {
      "command": [
        "D:\\PROJ\\datapass-v1-final-20260921\\source\\.venv\\Scripts\\dct.exe",
        "render",
        "C:\\Users\\julia\\AppData\\Local\\Temp\\datapass-v1-native-od00may6\\b04711fb65f34daa9a37031be8ce05fe\\jobs\\e103c8c04faf4823ad3134f7630e208f\\dbt\\source\\bar.yml",
        "--format",
        "html",
        "--output",
        "D:\\PROJ\\datapass-v1-final-20260921\\source\\qa\\qualification\\dct-duckdb-bar.html",
        "--no-cache"
      ],
      "exit_code": 0,
      "stdout": "D:\\PROJ\\datapass-v1-final-20260921\\source\\qa\\qualification\\dct-duckdb-bar.html\n",
      "stderr": "Rendered C:\\Users\\julia\\AppData\\Local\\Temp\\datapass-v1-native-od00may6\\b04711fb65f34daa9a37031be8ce05fe\\jobs\\e103c8c04faf4823ad3134f7630e208f\\dbt\\source\\bar.yml to D:\\PROJ\\datapass-v1-final-20260921\\source\\qa\\qualification\\dct-duckdb-bar.html (html format)\n"
    },
    {
      "command": [
        "D:\\PROJ\\datapass-v1-final-20260921\\source\\.venv\\Scripts\\dct.exe",
        "validate",
        "C:\\Users\\julia\\AppData\\Local\\Temp\\datapass-v1-native-od00may6\\b04711fb65f34daa9a37031be8ce05fe\\jobs\\e103c8c04faf4823ad3134f7630e208f\\dbt\\source\\line.yml"
      ],
      "exit_code": 0,
      "stdout": "\u00e2\u0153\u201c line.yml OK\n",
      "stderr": ""
    },
    {
      "command": [
        "D:\\PROJ\\datapass-v1-final-20260921\\source\\.venv\\Scripts\\dct.exe",
        "render",
        "C:\\Users\\julia\\AppData\\Local\\Temp\\datapass-v1-native-od00may6\\b04711fb65f34daa9a37031be8ce05fe\\jobs\\e103c8c04faf4823ad3134f7630e208f\\dbt\\source\\line.yml",
        "--format",
        "html",
        "--output",
        "D:\\PROJ\\datapass-v1-final-20260921\\source\\qa\\qualification\\dct-duckdb-line.html",
        "--no-cache"
      ],
      "exit_code": 0,
      "stdout": "D:\\PROJ\\datapass-v1-final-20260921\\source\\qa\\qualification\\dct-duckdb-line.html\n",
      "stderr": "Rendered C:\\Users\\julia\\AppData\\Local\\Temp\\datapass-v1-native-od00may6\\b04711fb65f34daa9a37031be8ce05fe\\jobs\\e103c8c04faf4823ad3134f7630e208f\\dbt\\source\\line.yml to D:\\PROJ\\datapass-v1-final-20260921\\source\\qa\\qualification\\dct-duckdb-line.html (html format)\n"
    },
    {
      "command": [
        "D:\\PROJ\\datapass-v1-final-20260921\\source\\.venv\\Scripts\\dct.exe",
        "validate",
        "C:\\Users\\julia\\AppData\\Local\\Temp\\datapass-v1-native-od00may6\\b04711fb65f34daa9a37031be8ce05fe\\jobs\\e103c8c04faf4823ad3134f7630e208f\\dbt\\source\\kpi.yml"
      ],
      "exit_code": 0,
      "stdout": "\u00e2\u0153\u201c kpi.yml OK\n",
      "stderr": ""
    },
    {
      "command": [
        "D:\\PROJ\\datapass-v1-final-20260921\\source\\.venv\\Scripts\\dct.exe",
        "render",
        "C:\\Users\\julia\\AppData\\Local\\Temp\\datapass-v1-native-od00may6\\b04711fb65f34daa9a37031be8ce05fe\\jobs\\e103c8c04faf4823ad3134f7630e208f\\dbt\\source\\kpi.yml",
        "--format",
        "html",
        "--output",
        "D:\\PROJ\\datapass-v1-final-20260921\\source\\qa\\qualification\\dct-duckdb-kpi.html",
        "--no-cache"
      ],
      "exit_code": 0,
      "stdout": "D:\\PROJ\\datapass-v1-final-20260921\\source\\qa\\qualification\\dct-duckdb-kpi.html\n",
      "stderr": "Rendered C:\\Users\\julia\\AppData\\Local\\Temp\\datapass-v1-native-od00may6\\b04711fb65f34daa9a37031be8ce05fe\\jobs\\e103c8c04faf4823ad3134f7630e208f\\dbt\\source\\kpi.yml to D:\\PROJ\\datapass-v1-final-20260921\\source\\qa\\qualification\\dct-duckdb-kpi.html (html format)\n"
    },
    {
      "command": [
        "D:\\PROJ\\datapass-v1-final-20260921\\source\\.venv\\Scripts\\dct.exe",
        "validate",
        "C:\\Users\\julia\\AppData\\Local\\Temp\\datapass-v1-native-od00may6\\b04711fb65f34daa9a37031be8ce05fe\\jobs\\e103c8c04faf4823ad3134f7630e208f\\dbt\\source\\table.yml"
      ],
      "exit_code": 0,
      "stdout": "\u00e2\u0153\u201c table.yml OK\n",
      "stderr": ""
    },
    {
      "command": [
        "D:\\PROJ\\datapass-v1-final-20260921\\source\\.venv\\Scripts\\dct.exe",
        "render",
        "C:\\Users\\julia\\AppData\\Local\\Temp\\datapass-v1-native-od00may6\\b04711fb65f34daa9a37031be8ce05fe\\jobs\\e103c8c04faf4823ad3134f7630e208f\\dbt\\source\\table.yml",
        "--format",
        "html",
        "--output",
        "D:\\PROJ\\datapass-v1-final-20260921\\source\\qa\\qualification\\dct-duckdb-table.html",
        "--no-cache"
      ],
      "exit_code": 0,
      "stdout": "D:\\PROJ\\datapass-v1-final-20260921\\source\\qa\\qualification\\dct-duckdb-table.html\n",
      "stderr": "Rendered C:\\Users\\julia\\AppData\\Local\\Temp\\datapass-v1-native-od00may6\\b04711fb65f34daa9a37031be8ce05fe\\jobs\\e103c8c04faf4823ad3134f7630e208f\\dbt\\source\\table.yml to D:\\PROJ\\datapass-v1-final-20260921\\source\\qa\\qualification\\dct-duckdb-table.html (html format)\n"
    }
  ]
}
