Collecting fastapi==0.128.2 (from -r D:\PROJ\datapass-v1-final-20260921\source\requirements.txt (line 2))
  Using cached fastapi-0.128.2-py3-none-any.whl.metadata (30 kB)
Collecting pydantic==2.13.4 (from -r D:\PROJ\datapass-v1-final-20260921\source\requirements.txt (line 3))
  Using cached pydantic-2.13.4-py3-none-any.whl.metadata (109 kB)
Collecting uvicorn<1,>=0.34 (from -r D:\PROJ\datapass-v1-final-20260921\source\requirements.txt (line 4))
  Using cached uvicorn-0.53.0-py3-none-any.whl.metadata (6.6 kB)
Collecting httpx<1,>=0.28 (from -r D:\PROJ\datapass-v1-final-20260921\source\requirements.txt (line 5))
  Using cached httpx-0.28.1-py3-none-any.whl.metadata (7.1 kB)
Collecting pytest<10,>=8 (from -r D:\PROJ\datapass-v1-final-20260921\source\requirements.txt (line 6))
  Using cached pytest-9.1.1-py3-none-any.whl.metadata (7.6 kB)
Collecting duckdb<2,>=1.5.2 (from -r D:\PROJ\datapass-v1-final-20260921\source\requirements-engines.txt (line 4))
  Using cached duckdb-1.5.5-cp313-cp313-win_amd64.whl.metadata (4.2 kB)
Collecting polars<2,>=1.34 (from -r D:\PROJ\datapass-v1-final-20260921\source\requirements-engines.txt (line 5))
  Using cached polars-1.44.2-py3-none-any.whl.metadata (11 kB)
Collecting pandas<4,>=2.2 (from -r D:\PROJ\datapass-v1-final-20260921\source\requirements-engines.txt (line 8))
  Downloading pandas-3.0.6-cp313-cp313-win_amd64.whl.metadata (19 kB)
Collecting dbt-core<1.12,>=1.10 (from -r requirements-dbt.txt (line 4))
  Downloading dbt_core-1.11.15-py3-none-any.whl.metadata (4.4 kB)
Collecting dbt-duckdb<2,>=1.10 (from -r requirements-dbt.txt (line 5))
  Using cached dbt_duckdb-1.11.0-py3-none-any.whl.metadata (43 kB)
Collecting starlette<0.51.0,>=0.40.0 (from fastapi==0.128.2->-r D:\PROJ\datapass-v1-final-20260921\source\requirements.txt (line 2))
  Using cached starlette-0.50.0-py3-none-any.whl.metadata (6.3 kB)
Collecting typing-extensions>=4.8.0 (from fastapi==0.128.2->-r D:\PROJ\datapass-v1-final-20260921\source\requirements.txt (line 2))
  Using cached typing_extensions-4.16.0-py3-none-any.whl.metadata (3.3 kB)
Collecting typing-inspection>=0.4.2 (from fastapi==0.128.2->-r D:\PROJ\datapass-v1-final-20260921\source\requirements.txt (line 2))
  Using cached typing_inspection-0.4.4-py3-none-any.whl.metadata (2.6 kB)
Collecting annotated-doc>=0.0.2 (from fastapi==0.128.2->-r D:\PROJ\datapass-v1-final-20260921\source\requirements.txt (line 2))
  Using cached annotated_doc-0.0.5-py3-none-any.whl.metadata (6.5 kB)
Collecting annotated-types>=0.6.0 (from pydantic==2.13.4->-r D:\PROJ\datapass-v1-final-20260921\source\requirements.txt (line 3))
  Using cached annotated_types-0.8.0-py3-none-any.whl.metadata (15 kB)
Collecting pydantic-core==2.46.4 (from pydantic==2.13.4->-r D:\PROJ\datapass-v1-final-20260921\source\requirements.txt (line 3))
  Using cached pydantic_core-2.46.4-cp313-cp313-win_amd64.whl.metadata (6.7 kB)
Collecting click>=7.0 (from uvicorn<1,>=0.34->-r D:\PROJ\datapass-v1-final-20260921\source\requirements.txt (line 4))
  Using cached click-8.5.0-py3-none-any.whl.metadata (2.6 kB)
Collecting h11>=0.8 (from uvicorn<1,>=0.34->-r D:\PROJ\datapass-v1-final-20260921\source\requirements.txt (line 4))
  Using cached h11-0.16.0-py3-none-any.whl.metadata (8.3 kB)
Collecting anyio (from httpx<1,>=0.28->-r D:\PROJ\datapass-v1-final-20260921\source\requirements.txt (line 5))
  Using cached anyio-4.15.1-py3-none-any.whl.metadata (4.7 kB)
Collecting certifi (from httpx<1,>=0.28->-r D:\PROJ\datapass-v1-final-20260921\source\requirements.txt (line 5))
  Using cached certifi-2026.7.22-py3-none-any.whl.metadata (2.5 kB)
Collecting httpcore==1.* (from httpx<1,>=0.28->-r D:\PROJ\datapass-v1-final-20260921\source\requirements.txt (line 5))
  Using cached httpcore-1.0.9-py3-none-any.whl.metadata (21 kB)
Collecting idna (from httpx<1,>=0.28->-r D:\PROJ\datapass-v1-final-20260921\source\requirements.txt (line 5))
  Using cached idna-3.20-py3-none-any.whl.metadata (7.2 kB)
Collecting colorama>=0.4 (from pytest<10,>=8->-r D:\PROJ\datapass-v1-final-20260921\source\requirements.txt (line 6))
  Using cached colorama-0.4.6-py2.py3-none-any.whl.metadata (17 kB)
Collecting iniconfig>=1.0.1 (from pytest<10,>=8->-r D:\PROJ\datapass-v1-final-20260921\source\requirements.txt (line 6))
  Using cached iniconfig-2.3.0-py3-none-any.whl.metadata (2.5 kB)
Collecting packaging>=22 (from pytest<10,>=8->-r D:\PROJ\datapass-v1-final-20260921\source\requirements.txt (line 6))
  Using cached packaging-26.3-py3-none-any.whl.metadata (3.5 kB)
Collecting pluggy<2,>=1.5 (from pytest<10,>=8->-r D:\PROJ\datapass-v1-final-20260921\source\requirements.txt (line 6))
  Using cached pluggy-1.6.0-py3-none-any.whl.metadata (4.8 kB)
Collecting pygments>=2.7.2 (from pytest<10,>=8->-r D:\PROJ\datapass-v1-final-20260921\source\requirements.txt (line 6))
  Using cached pygments-2.21.0-py3-none-any.whl.metadata (2.5 kB)
Collecting polars-runtime-32==1.44.2 (from polars<2,>=1.34->-r D:\PROJ\datapass-v1-final-20260921\source\requirements-engines.txt (line 5))
  Using cached polars_runtime_32-1.44.2-cp310-abi3-win_amd64.whl.metadata (1.5 kB)
Collecting numpy>=1.26.0 (from pandas<4,>=2.2->-r D:\PROJ\datapass-v1-final-20260921\source\requirements-engines.txt (line 8))
  Downloading numpy-2.5.3-cp313-cp313-win_amd64.whl.metadata (6.6 kB)
Collecting python-dateutil>=2.8.2 (from pandas<4,>=2.2->-r D:\PROJ\datapass-v1-final-20260921\source\requirements-engines.txt (line 8))
  Using cached python_dateutil-2.9.0.post0-py2.py3-none-any.whl.metadata (8.4 kB)
Collecting tzdata (from pandas<4,>=2.2->-r D:\PROJ\datapass-v1-final-20260921\source\requirements-engines.txt (line 8))
  Downloading tzdata-2026.4-py2.py3-none-any.whl.metadata (1.4 kB)
Collecting agate<1.10,>=1.7.0 (from dbt-core<1.12,>=1.10->-r requirements-dbt.txt (line 4))
  Using cached agate-1.9.1-py2.py3-none-any.whl.metadata (3.2 kB)
Collecting daff>=1.3.46 (from dbt-core<1.12,>=1.10->-r requirements-dbt.txt (line 4))
  Using cached daff-1.4.2-py3-none-any.whl.metadata (10 kB)
Collecting dbt-adapters<2.0,>=1.15.5 (from dbt-core<1.12,>=1.10->-r requirements-dbt.txt (line 4))
  Using cached dbt_adapters-1.24.5-py3-none-any.whl.metadata (4.6 kB)
Collecting dbt-common<2.0,>=1.37.3 (from dbt-core<1.12,>=1.10->-r requirements-dbt.txt (line 4))
  Using cached dbt_common-1.39.0-py3-none-any.whl.metadata (5.1 kB)
Collecting dbt-extractor<=0.6,>=0.5.0 (from dbt-core<1.12,>=1.10->-r requirements-dbt.txt (line 4))
  Using cached dbt_extractor-0.6.0-cp39-abi3-win_amd64.whl.metadata (4.6 kB)
Collecting dbt-protos<2.0,>=1.0.405 (from dbt-core<1.12,>=1.10->-r requirements-dbt.txt (line 4))
  Using cached dbt_protos-1.0.565-py3-none-any.whl.metadata (859 bytes)
Collecting dbt-semantic-interfaces<0.10,>=0.9.0 (from dbt-core<1.12,>=1.10->-r requirements-dbt.txt (line 4))
  Using cached dbt_semantic_interfaces-0.9.0-py3-none-any.whl.metadata (2.6 kB)
Collecting jinja2<4,>=3.1.3 (from dbt-core<1.12,>=1.10->-r requirements-dbt.txt (line 4))
  Using cached jinja2-3.1.6-py3-none-any.whl.metadata (2.9 kB)
Collecting jsonschema<5.0,>=4.19.1 (from dbt-core<1.12,>=1.10->-r requirements-dbt.txt (line 4))
  Using cached jsonschema-4.26.0-py3-none-any.whl.metadata (7.6 kB)
Collecting mashumaro<3.15,>=3.9 (from mashumaro[msgpack]<3.15,>=3.9->dbt-core<1.12,>=1.10->-r requirements-dbt.txt (line 4))
  Using cached mashumaro-3.14-py3-none-any.whl.metadata (114 kB)
Collecting networkx<4.0,>=2.3 (from dbt-core<1.12,>=1.10->-r requirements-dbt.txt (line 4))
  Downloading networkx-3.7-py3-none-any.whl.metadata (6.7 kB)
Collecting pathspec<0.13,>=0.9 (from dbt-core<1.12,>=1.10->-r requirements-dbt.txt (line 4))
  Using cached pathspec-0.12.1-py3-none-any.whl.metadata (21 kB)
Collecting protobuf<7.0,>=6.0 (from dbt-core<1.12,>=1.10->-r requirements-dbt.txt (line 4))
  Using cached protobuf-6.33.6-cp310-abi3-win_amd64.whl.metadata (593 bytes)
Collecting pytz>=2015.7 (from dbt-core<1.12,>=1.10->-r requirements-dbt.txt (line 4))
  Using cached pytz-2026.3.post1-py2.py3-none-any.whl.metadata (22 kB)
Collecting pyyaml>=6.0 (from dbt-core<1.12,>=1.10->-r requirements-dbt.txt (line 4))
  Using cached pyyaml-6.0.3-cp313-cp313-win_amd64.whl.metadata (2.4 kB)
Collecting requests<3.0.0 (from dbt-core<1.12,>=1.10->-r requirements-dbt.txt (line 4))
  Using cached requests-2.34.2-py3-none-any.whl.metadata (4.8 kB)
Collecting snowplow-tracker<2.0,>=1.0.2 (from dbt-core<1.12,>=1.10->-r requirements-dbt.txt (line 4))
  Using cached snowplow_tracker-1.1.0-py3-none-any.whl.metadata (5.7 kB)
Collecting sqlparse<0.7.0,>=0.5.5 (from dbt-core<1.12,>=1.10->-r requirements-dbt.txt (line 4))
  Using cached sqlparse-0.6.0-py3-none-any.whl.metadata (6.0 kB)
Collecting Babel>=2.0 (from agate<1.10,>=1.7.0->dbt-core<1.12,>=1.10->-r requirements-dbt.txt (line 4))
  Using cached babel-2.18.0-py3-none-any.whl.metadata (2.2 kB)
Collecting isodate>=0.5.4 (from agate<1.10,>=1.7.0->dbt-core<1.12,>=1.10->-r requirements-dbt.txt (line 4))
  Using cached isodate-0.7.2-py3-none-any.whl.metadata (11 kB)
Collecting leather>=0.3.2 (from agate<1.10,>=1.7.0->dbt-core<1.12,>=1.10->-r requirements-dbt.txt (line 4))
  Using cached leather-0.4.1-py3-none-any.whl.metadata (3.0 kB)
Collecting parsedatetime!=2.5,>=2.1 (from agate<1.10,>=1.7.0->dbt-core<1.12,>=1.10->-r requirements-dbt.txt (line 4))
  Using cached parsedatetime-2.6-py3-none-any.whl.metadata (4.7 kB)
Collecting python-slugify>=1.2.1 (from agate<1.10,>=1.7.0->dbt-core<1.12,>=1.10->-r requirements-dbt.txt (line 4))
  Downloading python_slugify-9.1.0-py3-none-any.whl.metadata (11 kB)
Collecting pytimeparse>=1.1.5 (from agate<1.10,>=1.7.0->dbt-core<1.12,>=1.10->-r requirements-dbt.txt (line 4))
  Using cached pytimeparse-1.1.8-py2.py3-none-any.whl.metadata (3.4 kB)
Collecting deepdiff<9.0,>=7.0 (from dbt-common<2.0,>=1.37.3->dbt-core<1.12,>=1.10->-r requirements-dbt.txt (line 4))
  Using cached deepdiff-8.6.2-py3-none-any.whl.metadata (8.8 kB)
Collecting opentelemetry-api<3.0,>=1.26 (from dbt-common<2.0,>=1.37.3->dbt-core<1.12,>=1.10->-r requirements-dbt.txt (line 4))
  Using cached opentelemetry_api-1.44.0-py3-none-any.whl.metadata (1.4 kB)
Collecting importlib-metadata<9,>=6.0 (from dbt-semantic-interfaces<0.10,>=0.9.0->dbt-core<1.12,>=1.10->-r requirements-dbt.txt (line 4))
  Using cached importlib_metadata-8.9.0-py3-none-any.whl.metadata (4.5 kB)
Collecting more-itertools<11.0,>=8.0 (from dbt-semantic-interfaces<0.10,>=0.9.0->dbt-core<1.12,>=1.10->-r requirements-dbt.txt (line 4))
  Using cached more_itertools-10.8.0-py3-none-any.whl.metadata (39 kB)
Collecting MarkupSafe>=2.0 (from jinja2<4,>=3.1.3->dbt-core<1.12,>=1.10->-r requirements-dbt.txt (line 4))
  Using cached markupsafe-3.0.3-cp313-cp313-win_amd64.whl.metadata (2.8 kB)
Collecting attrs>=22.2.0 (from jsonschema<5.0,>=4.19.1->dbt-core<1.12,>=1.10->-r requirements-dbt.txt (line 4))
  Using cached attrs-26.1.0-py3-none-any.whl.metadata (8.8 kB)
Collecting jsonschema-specifications>=2023.03.6 (from jsonschema<5.0,>=4.19.1->dbt-core<1.12,>=1.10->-r requirements-dbt.txt (line 4))
  Using cached jsonschema_specifications-2025.9.1-py3-none-any.whl.metadata (2.9 kB)
Collecting referencing>=0.28.4 (from jsonschema<5.0,>=4.19.1->dbt-core<1.12,>=1.10->-r requirements-dbt.txt (line 4))
  Using cached referencing-0.37.0-py3-none-any.whl.metadata (2.8 kB)
Collecting rpds-py>=0.25.0 (from jsonschema<5.0,>=4.19.1->dbt-core<1.12,>=1.10->-r requirements-dbt.txt (line 4))
  Using cached rpds_py-2026.6.3-cp313-cp313-win_amd64.whl.metadata (4.2 kB)
Collecting msgpack>=0.5.6 (from mashumaro[msgpack]<3.15,>=3.9->dbt-core<1.12,>=1.10->-r requirements-dbt.txt (line 4))
  Using cached msgpack-1.2.2-cp313-cp313-win_amd64.whl.metadata (8.5 kB)
Collecting six>=1.5 (from python-dateutil>=2.8.2->pandas<4,>=2.2->-r D:\PROJ\datapass-v1-final-20260921\source\requirements-engines.txt (line 8))
  Using cached six-1.17.0-py2.py3-none-any.whl.metadata (1.7 kB)
Collecting charset_normalizer<4,>=2 (from requests<3.0.0->dbt-core<1.12,>=1.10->-r requirements-dbt.txt (line 4))
  Using cached charset_normalizer-3.5.1-cp313-cp313-win_amd64.whl.metadata (46 kB)
Collecting urllib3<3,>=1.26 (from requests<3.0.0->dbt-core<1.12,>=1.10->-r requirements-dbt.txt (line 4))
  Downloading urllib3-2.8.0-py3-none-any.whl.metadata (7.4 kB)
Collecting orderly-set<6,>=5.4.1 (from deepdiff<9.0,>=7.0->dbt-common<2.0,>=1.37.3->dbt-core<1.12,>=1.10->-r requirements-dbt.txt (line 4))
  Using cached orderly_set-5.5.0-py3-none-any.whl.metadata (6.6 kB)
Collecting zipp>=3.20 (from importlib-metadata<9,>=6.0->dbt-semantic-interfaces<0.10,>=0.9.0->dbt-core<1.12,>=1.10->-r requirements-dbt.txt (line 4))
  Using cached zipp-4.1.0-py3-none-any.whl.metadata (3.6 kB)
Collecting text-unidecode>=1.3 (from python-slugify>=1.2.1->agate<1.10,>=1.7.0->dbt-core<1.12,>=1.10->-r requirements-dbt.txt (line 4))
  Using cached text_unidecode-1.3-py2.py3-none-any.whl.metadata (2.4 kB)
Using cached fastapi-0.128.2-py3-none-any.whl (104 kB)
Using cached pydantic-2.13.4-py3-none-any.whl (472 kB)
Using cached pydantic_core-2.46.4-cp313-cp313-win_amd64.whl (2.1 MB)
Using cached uvicorn-0.53.0-py3-none-any.whl (87 kB)
Using cached httpx-0.28.1-py3-none-any.whl (73 kB)
Using cached httpcore-1.0.9-py3-none-any.whl (78 kB)
Using cached pytest-9.1.1-py3-none-any.whl (386 kB)
Using cached duckdb-1.5.5-cp313-cp313-win_amd64.whl (13.2 MB)
Using cached polars-1.44.2-py3-none-any.whl (865 kB)
Using cached polars_runtime_32-1.44.2-cp310-abi3-win_amd64.whl (51.3 MB)
Downloading pandas-3.0.6-cp313-cp313-win_amd64.whl (9.6 MB)
   ---------------------------------------- 9.6/9.6 MB 30.6 MB/s eta 0:00:00
Downloading dbt_core-1.11.15-py3-none-any.whl (1.1 MB)
   ---------------------------------------- 1.1/1.1 MB 16.8 MB/s eta 0:00:00
Using cached dbt_duckdb-1.11.0-py3-none-any.whl (91 kB)
Using cached agate-1.9.1-py2.py3-none-any.whl (95 kB)
Using cached annotated_doc-0.0.5-py3-none-any.whl (5.3 kB)
Using cached annotated_types-0.8.0-py3-none-any.whl (13 kB)
Using cached click-8.5.0-py3-none-any.whl (125 kB)
Using cached colorama-0.4.6-py2.py3-none-any.whl (25 kB)
Using cached daff-1.4.2-py3-none-any.whl (144 kB)
Using cached dbt_adapters-1.24.5-py3-none-any.whl (177 kB)
Using cached dbt_common-1.39.0-py3-none-any.whl (89 kB)
Using cached dbt_extractor-0.6.0-cp39-abi3-win_amd64.whl (277 kB)
Using cached dbt_protos-1.0.565-py3-none-any.whl (260 kB)
Using cached dbt_semantic_interfaces-0.9.0-py3-none-any.whl (147 kB)
Using cached h11-0.16.0-py3-none-any.whl (37 kB)
Using cached iniconfig-2.3.0-py3-none-any.whl (7.5 kB)
Using cached jinja2-3.1.6-py3-none-any.whl (134 kB)
Using cached jsonschema-4.26.0-py3-none-any.whl (90 kB)
Using cached mashumaro-3.14-py3-none-any.whl (92 kB)
Downloading networkx-3.7-py3-none-any.whl (2.1 MB)
   ---------------------------------------- 2.1/2.1 MB 27.2 MB/s eta 0:00:00
Downloading numpy-2.5.3-cp313-cp313-win_amd64.whl (12.6 MB)
   ---------------------------------------- 12.6/12.6 MB 42.3 MB/s eta 0:00:00
Using cached packaging-26.3-py3-none-any.whl (129 kB)
Using cached pathspec-0.12.1-py3-none-any.whl (31 kB)
Using cached pluggy-1.6.0-py3-none-any.whl (20 kB)
Using cached protobuf-6.33.6-cp310-abi3-win_amd64.whl (437 kB)
Using cached pygments-2.21.0-py3-none-any.whl (1.3 MB)
Using cached python_dateutil-2.9.0.post0-py2.py3-none-any.whl (229 kB)
Using cached pytz-2026.3.post1-py2.py3-none-any.whl (508 kB)
Using cached pyyaml-6.0.3-cp313-cp313-win_amd64.whl (154 kB)
Using cached requests-2.34.2-py3-none-any.whl (73 kB)
Using cached certifi-2026.7.22-py3-none-any.whl (136 kB)
Using cached idna-3.20-py3-none-any.whl (69 kB)
Using cached snowplow_tracker-1.1.0-py3-none-any.whl (44 kB)
Using cached sqlparse-0.6.0-py3-none-any.whl (50 kB)
Using cached starlette-0.50.0-py3-none-any.whl (74 kB)
Using cached anyio-4.15.1-py3-none-any.whl (132 kB)
Using cached typing_extensions-4.16.0-py3-none-any.whl (45 kB)
Using cached typing_inspection-0.4.4-py3-none-any.whl (14 kB)
Downloading tzdata-2026.4-py2.py3-none-any.whl (347 kB)
Using cached attrs-26.1.0-py3-none-any.whl (67 kB)
Using cached babel-2.18.0-py3-none-any.whl (10.2 MB)
Using cached charset_normalizer-3.5.1-cp313-cp313-win_amd64.whl (199 kB)
Using cached deepdiff-8.6.2-py3-none-any.whl (91 kB)
Using cached importlib_metadata-8.9.0-py3-none-any.whl (27 kB)
Using cached isodate-0.7.2-py3-none-any.whl (22 kB)
Using cached jsonschema_specifications-2025.9.1-py3-none-any.whl (18 kB)
Using cached leather-0.4.1-py3-none-any.whl (30 kB)
Using cached markupsafe-3.0.3-cp313-cp313-win_amd64.whl (15 kB)
Using cached more_itertools-10.8.0-py3-none-any.whl (69 kB)
Using cached msgpack-1.2.2-cp313-cp313-win_amd64.whl (72 kB)
Using cached opentelemetry_api-1.44.0-py3-none-any.whl (60 kB)
Using cached parsedatetime-2.6-py3-none-any.whl (42 kB)
Downloading python_slugify-9.1.0-py3-none-any.whl (15 kB)
Using cached pytimeparse-1.1.8-py2.py3-none-any.whl (10.0 kB)
Using cached referencing-0.37.0-py3-none-any.whl (26 kB)
Using cached rpds_py-2026.6.3-cp313-cp313-win_amd64.whl (219 kB)
Using cached six-1.17.0-py2.py3-none-any.whl (11 kB)
Downloading urllib3-2.8.0-py3-none-any.whl (135 kB)
Using cached orderly_set-5.5.0-py3-none-any.whl (13 kB)
Using cached text_unidecode-1.3-py2.py3-none-any.whl (78 kB)
Using cached zipp-4.1.0-py3-none-any.whl (10 kB)
Installing collected packages: text-unidecode, pytz, pytimeparse, parsedatetime, leather, daff, zipp, urllib3, tzdata, typing-extensions, sqlparse, six, rpds-py, pyyaml, python-slugify, pygments, protobuf, polars-runtime-32, pluggy, pathspec, packaging, orderly-set, numpy, networkx, msgpack, more-itertools, MarkupSafe, isodate, iniconfig, idna, h11, duckdb, dbt-extractor, colorama, click, charset_normalizer, certifi, Babel, attrs, annotated-types, annotated-doc, uvicorn, typing-inspection, requests, referencing, python-dateutil, pytest, pydantic-core, polars, opentelemetry-api, mashumaro, jinja2, importlib-metadata, httpcore, deepdiff, dbt-protos, anyio, agate, starlette, snowplow-tracker, pydantic, pandas, jsonschema-specifications, httpx, jsonschema, fastapi, dbt-semantic-interfaces, dbt-common, dbt-adapters, dbt-core, dbt-duckdb
Successfully installed Babel-2.18.0 MarkupSafe-3.0.3 agate-1.9.1 annotated-doc-0.0.5 annotated-types-0.8.0 anyio-4.15.1 attrs-26.1.0 certifi-2026.7.22 charset_normalizer-3.5.1 click-8.5.0 colorama-0.4.6 daff-1.4.2 dbt-adapters-1.24.5 dbt-common-1.39.0 dbt-core-1.11.15 dbt-duckdb-1.11.0 dbt-extractor-0.6.0 dbt-protos-1.0.565 dbt-semantic-interfaces-0.9.0 deepdiff-8.6.2 duckdb-1.5.5 fastapi-0.128.2 h11-0.16.0 httpcore-1.0.9 httpx-0.28.1 idna-3.20 importlib-metadata-8.9.0 iniconfig-2.3.0 isodate-0.7.2 jinja2-3.1.6 jsonschema-4.26.0 jsonschema-specifications-2025.9.1 leather-0.4.1 mashumaro-3.14 more-itertools-10.8.0 msgpack-1.2.2 networkx-3.7 numpy-2.5.3 opentelemetry-api-1.44.0 orderly-set-5.5.0 packaging-26.3 pandas-3.0.6 parsedatetime-2.6 pathspec-0.12.1 pluggy-1.6.0 polars-1.44.2 polars-runtime-32-1.44.2 protobuf-6.33.6 pydantic-2.13.4 pydantic-core-2.46.4 pygments-2.21.0 pytest-9.1.1 python-dateutil-2.9.0.post0 python-slugify-9.1.0 pytimeparse-1.1.8 pytz-2026.3.post1 pyyaml-6.0.3 referencing-0.37.0 requests-2.34.2 rpds-py-2026.6.3 six-1.17.0 snowplow-tracker-1.1.0 sqlparse-0.6.0 starlette-0.50.0 text-unidecode-1.3 typing-extensions-4.16.0 typing-inspection-0.4.4 tzdata-2026.4 urllib3-2.8.0 uvicorn-0.53.0 zipp-4.1.0

[notice] A new release of pip is available: 24.3.1 -> 26.2.1
[notice] To update, run: D:\PROJ\datapass-v1-final-20260921\source\.venv\Scripts\python.exe -m pip install --upgrade pip
