TAP version 13
# (node:3095) ExperimentalWarning: Type Stripping is an experimental feature and might change at any time
# (Use `node --trace-warnings ...` to show where the warning was created)
# node:internal/modules/esm/resolve:275
#     throw new ERR_MODULE_NOT_FOUND(
#           ^
# Error [ERR_MODULE_NOT_FOUND]: Cannot find module '/mnt/data/datapass_work/candidate/apps/web/src/studio/desktopModel' imported from /mnt/data/datapass_work/candidate/apps/web/src/notebook.ts
#     at finalizeResolution (node:internal/modules/esm/resolve:275:11)
#     at moduleResolve (node:internal/modules/esm/resolve:860:10)
#     at defaultResolve (node:internal/modules/esm/resolve:984:11)
#     at ModuleLoader.defaultResolve (node:internal/modules/esm/loader:780:12)
#     at \#cachedDefaultResolve (node:internal/modules/esm/loader:704:25)
#     at ModuleLoader.resolve (node:internal/modules/esm/loader:687:38)
#     at ModuleLoader.getModuleJobForImport (node:internal/modules/esm/loader:305:38)
#     at ModuleJob._link (node:internal/modules/esm/module_job:137:49) {
#   code: 'ERR_MODULE_NOT_FOUND',
#   url: 'file:///mnt/data/datapass_work/candidate/apps/web/src/studio/desktopModel'
# }
# Node.js v22.16.0
# Subtest: tests/contracts.test.mts
not ok 1 - tests/contracts.test.mts
  ---
  duration_ms: 427.939716
  type: 'test'
  location: '/mnt/data/datapass_work/candidate/tests/contracts.test.mts:1:1'
  failureType: 'testCodeFailure'
  exitCode: 1
  signal: ~
  error: 'test failed'
  code: 'ERR_TEST_FAILURE'
  ...
# (node:3096) ExperimentalWarning: Type Stripping is an experimental feature and might change at any time
# (Use `node --trace-warnings ...` to show where the warning was created)
# Subtest: shared server/client fixture has valid references
ok 2 - shared server/client fixture has valid references
  ---
  duration_ms: 2.363722
  type: 'test'
  ...
# Subtest: two panes reference exactly one notebook resource
ok 3 - two panes reference exactly one notebook resource
  ---
  duration_ms: 12.004196
  type: 'test'
  ...
# Subtest: opening an already-open resource focuses without duplicating tabs
ok 4 - opening an already-open resource focuses without duplicating tabs
  ---
  duration_ms: 0.495452
  type: 'test'
  ...
# Subtest: geometry/selection does not revise domain source
ok 5 - geometry/selection does not revise domain source
  ---
  duration_ms: 0.36487
  type: 'test'
  ...
# Subtest: semantic update is shared by all views and advances the resource revision
ok 6 - semantic update is shared by all views and advances the resource revision
  ---
  duration_ms: 1.094091
  type: 'test'
  ...
# Subtest: closing views or panes never deletes source and maintains one placement
ok 7 - closing views or panes never deletes source and maintains one placement
  ---
  duration_ms: 0.948441
  type: 'test'
  ...
# Subtest: moving a tab preserves view identity and layout
ok 8 - moving a tab preserves view identity and layout
  ---
  duration_ms: 4.774228
  type: 'test'
  ...
# Subtest: pane limit fails without mutating original
ok 9 - pane limit fails without mutating original
  ---
  duration_ms: 6.140951
  type: 'test'
  ...
# Subtest: dependency and derivation cycles fail closed
ok 10 - dependency and derivation cycles fail closed
  ---
  duration_ms: 4.986375
  type: 'test'
  ...
# Subtest: relationship cycles and distinct column relationships are not dependency cycles
ok 11 - relationship cycles and distinct column relationships are not dependency cycles
  ---
  duration_ms: 0.876407
  type: 'test'
  ...
# Subtest: model relationships require actual declared columns
ok 12 - model relationships require actual declared columns
  ---
  duration_ms: 0.380217
  type: 'test'
  ...
# Subtest: deleting a node cleans all view selections and incident edges
ok 13 - deleting a node cleans all view selections and incident edges
  ---
  duration_ms: 1.21194
  type: 'test'
  ...
# Subtest: missing notebook links and duplicate canonical references are rejected
ok 14 - missing notebook links and duplicate canonical references are rejected
  ---
  duration_ms: 0.443573
  type: 'test'
  ...
# Subtest: removing a design detaches its views without deleting the underlying notebook reference
ok 15 - removing a design detaches its views without deleting the underlying notebook reference
  ---
  duration_ms: 2.644278
  type: 'test'
  ...
# Subtest: unknown edge endpoints reject without accepting a partial graph
ok 16 - unknown edge endpoints reject without accepting a partial graph
  ---
  duration_ms: 0.247355
  type: 'test'
  ...
# Subtest: MotherDuck is a first-class but unavailable target, never a fake successful executor
ok 17 - MotherDuck is a first-class but unavailable target, never a fake successful executor
  ---
  duration_ms: 0.486927
  type: 'test'
  ...
# Subtest: measured local and modeled Spark times remain distinct
ok 18 - measured local and modeled Spark times remain distinct
  ---
  duration_ms: 0.182594
  type: 'test'
  ...
# Subtest: minimal empty workspace is a valid additive envelope
ok 19 - minimal empty workspace is a valid additive envelope
  ---
  duration_ms: 0.159657
  type: 'test'
  ...
# (node:3097) ExperimentalWarning: Type Stripping is an experimental feature and might change at any time
# (Use `node --trace-warnings ...` to show where the warning was created)
# node:internal/modules/esm/resolve:275
#     throw new ERR_MODULE_NOT_FOUND(
#           ^
# Error [ERR_MODULE_NOT_FOUND]: Cannot find module '/mnt/data/datapass_work/candidate/apps/web/src/studio/desktopModel' imported from /mnt/data/datapass_work/candidate/apps/web/src/notebook.ts
#     at finalizeResolution (node:internal/modules/esm/resolve:275:11)
#     at moduleResolve (node:internal/modules/esm/resolve:860:10)
#     at defaultResolve (node:internal/modules/esm/resolve:984:11)
#     at ModuleLoader.defaultResolve (node:internal/modules/esm/loader:780:12)
#     at \#cachedDefaultResolve (node:internal/modules/esm/loader:704:25)
#     at ModuleLoader.resolve (node:internal/modules/esm/loader:687:38)
#     at ModuleLoader.getModuleJobForImport (node:internal/modules/esm/loader:305:38)
#     at ModuleJob._link (node:internal/modules/esm/module_job:137:49) {
#   code: 'ERR_MODULE_NOT_FOUND',
#   url: 'file:///mnt/data/datapass_work/candidate/apps/web/src/studio/desktopModel'
# }
# Node.js v22.16.0
# Subtest: tests/interview.test.mts
not ok 3 - tests/interview.test.mts
  ---
  duration_ms: 301.221993
  type: 'test'
  location: '/mnt/data/datapass_work/candidate/tests/interview.test.mts:1:1'
  failureType: 'testCodeFailure'
  exitCode: 1
  signal: ~
  error: 'test failed'
  code: 'ERR_TEST_FAILURE'
  ...
1..20
# tests 20
# suites 0
# pass 18
# fail 2
# cancelled 0
# skipped 0
# todo 0
# duration_ms 439.397408
